Component: ARM Compiler 5.06 update 7 (build 960) Tool: armlink [4d3601]

==============================================================================

Section Cross References

    system_cw32f030.o(i.SystemCoreClockUpdate) refers to system_cw32f030.o(.data) for SystemCoreClock
    system_cw32f030.o(i.SystemInit) refers to system_cw32f030.o(i.SystemCoreClockUpdate) for SystemCoreClockUpdate
    system_cw32f030.o(i.delay100us) refers to uidiv.o(.text) for __aeabi_uidivmod
    system_cw32f030.o(i.delay100us) refers to system_cw32f030.o(.data) for SystemCoreClock
    system_cw32f030.o(i.delay10us) refers to uidiv.o(.text) for __aeabi_uidivmod
    system_cw32f030.o(i.delay10us) refers to system_cw32f030.o(.data) for SystemCoreClock
    system_cw32f030.o(i.delay1ms) refers to uidiv.o(.text) for __aeabi_uidivmod
    system_cw32f030.o(i.delay1ms) refers to system_cw32f030.o(.data) for SystemCoreClock
    startup_cw32f030.o(RESET) refers to startup_cw32f030.o(STACK) for __initial_sp
    startup_cw32f030.o(RESET) refers to startup_cw32f030.o(.text) for Reset_Handler
    startup_cw32f030.o(RESET) refers to interrupts_cw32f030.o(i.NMI_Handler) for NMI_Handler
    startup_cw32f030.o(RESET) refers to interrupts_cw32f030.o(i.HardFault_Handler) for HardFault_Handler
    startup_cw32f030.o(RESET) refers to interrupts_cw32f030.o(i.SVC_Handler) for SVC_Handler
    startup_cw32f030.o(RESET) refers to interrupts_cw32f030.o(i.PendSV_Handler) for PendSV_Handler
    startup_cw32f030.o(RESET) refers to cw32f030_systick.o(i.SysTick_Handler) for SysTick_Handler
    startup_cw32f030.o(RESET) refers to interrupts_cw32f030.o(i.WDT_IRQHandler) for WDT_IRQHandler
    startup_cw32f030.o(RESET) refers to interrupts_cw32f030.o(i.LVD_IRQHandler) for LVD_IRQHandler
    startup_cw32f030.o(RESET) refers to interrupts_cw32f030.o(i.RTC_IRQHandler) for RTC_IRQHandler
    startup_cw32f030.o(RESET) refers to interrupts_cw32f030.o(i.FLASHRAM_IRQHandler) for FLASHRAM_IRQHandler
    startup_cw32f030.o(RESET) refers to interrupts_cw32f030.o(i.RCC_IRQHandler) for RCC_IRQHandler
    startup_cw32f030.o(RESET) refers to interrupts_cw32f030.o(i.GPIOA_IRQHandler) for GPIOA_IRQHandler
    startup_cw32f030.o(RESET) refers to interrupts_cw32f030.o(i.GPIOB_IRQHandler) for GPIOB_IRQHandler
    startup_cw32f030.o(RESET) refers to interrupts_cw32f030.o(i.GPIOC_IRQHandler) for GPIOC_IRQHandler
    startup_cw32f030.o(RESET) refers to interrupts_cw32f030.o(i.GPIOF_IRQHandler) for GPIOF_IRQHandler
    startup_cw32f030.o(RESET) refers to interrupts_cw32f030.o(i.DMACH1_IRQHandler) for DMACH1_IRQHandler
    startup_cw32f030.o(RESET) refers to interrupts_cw32f030.o(i.DMACH23_IRQHandler) for DMACH23_IRQHandler
    startup_cw32f030.o(RESET) refers to interrupts_cw32f030.o(i.DMACH45_IRQHandler) for DMACH45_IRQHandler
    startup_cw32f030.o(RESET) refers to interrupts_cw32f030.o(i.ADC_IRQHandler) for ADC_IRQHandler
    startup_cw32f030.o(RESET) refers to interrupts_cw32f030.o(i.ATIM_IRQHandler) for ATIM_IRQHandler
    startup_cw32f030.o(RESET) refers to interrupts_cw32f030.o(i.VC1_IRQHandler) for VC1_IRQHandler
    startup_cw32f030.o(RESET) refers to interrupts_cw32f030.o(i.VC2_IRQHandler) for VC2_IRQHandler
    startup_cw32f030.o(RESET) refers to interrupts_cw32f030.o(i.GTIM1_IRQHandler) for GTIM1_IRQHandler
    startup_cw32f030.o(RESET) refers to interrupts_cw32f030.o(i.GTIM2_IRQHandler) for GTIM2_IRQHandler
    startup_cw32f030.o(RESET) refers to interrupts_cw32f030.o(i.GTIM3_IRQHandler) for GTIM3_IRQHandler
    startup_cw32f030.o(RESET) refers to interrupts_cw32f030.o(i.GTIM4_IRQHandler) for GTIM4_IRQHandler
    startup_cw32f030.o(RESET) refers to interrupts_cw32f030.o(i.BTIM1_IRQHandler) for BTIM1_IRQHandler
    startup_cw32f030.o(RESET) refers to interrupts_cw32f030.o(i.BTIM2_IRQHandler) for BTIM2_IRQHandler
    startup_cw32f030.o(RESET) refers to interrupts_cw32f030.o(i.BTIM3_IRQHandler) for BTIM3_IRQHandler
    startup_cw32f030.o(RESET) refers to interrupts_cw32f030.o(i.I2C1_IRQHandler) for I2C1_IRQHandler
    startup_cw32f030.o(RESET) refers to interrupts_cw32f030.o(i.I2C2_IRQHandler) for I2C2_IRQHandler
    startup_cw32f030.o(RESET) refers to interrupts_cw32f030.o(i.SPI1_IRQHandler) for SPI1_IRQHandler
    startup_cw32f030.o(RESET) refers to interrupts_cw32f030.o(i.SPI2_IRQHandler) for SPI2_IRQHandler
    startup_cw32f030.o(RESET) refers to interrupts_cw32f030.o(i.UART1_IRQHandler) for UART1_IRQHandler
    startup_cw32f030.o(RESET) refers to interrupts_cw32f030.o(i.UART2_IRQHandler) for UART2_IRQHandler
    startup_cw32f030.o(RESET) refers to interrupts_cw32f030.o(i.UART3_IRQHandler) for UART3_IRQHandler
    startup_cw32f030.o(RESET) refers to interrupts_cw32f030.o(i.AWT_IRQHandler) for AWT_IRQHandler
    startup_cw32f030.o(RESET) refers to interrupts_cw32f030.o(i.FAULT_IRQHandler) for FAULT_IRQHandler
    startup_cw32f030.o(.text) refers to system_cw32f030.o(i.SystemInit) for SystemInit
    startup_cw32f030.o(.text) refers to entry.o(.ARM.Collect$$$$00000000) for __main
    cw32f030_adc.o(i.ADC_DisableIrq) refers to cw32f030_adc.o(i.ADC_DisableNvic) for ADC_DisableNvic
    cw32f030_adc.o(i.ADC_DisableNvic) refers to cw32f030_adc.o(i.__NVIC_ClearPendingIRQ) for __NVIC_ClearPendingIRQ
    cw32f030_adc.o(i.ADC_DisableNvic) refers to cw32f030_adc.o(i.__NVIC_SetPriority) for __NVIC_SetPriority
    cw32f030_adc.o(i.ADC_Enable) refers to cw32f030_adc.o(i.ADC_GetITStatus) for ADC_GetITStatus
    cw32f030_adc.o(i.ADC_EnableIrq) refers to cw32f030_adc.o(i.ADC_EnableNvic) for ADC_EnableNvic
    cw32f030_adc.o(i.ADC_EnableNvic) refers to cw32f030_adc.o(i.__NVIC_ClearPendingIRQ) for __NVIC_ClearPendingIRQ
    cw32f030_adc.o(i.ADC_EnableNvic) refers to cw32f030_adc.o(i.__NVIC_SetPriority) for __NVIC_SetPriority
    cw32f030_adc.o(i.ADC_GetTsVref1V5) refers to cw32f030_adc.o(i.ADC_GetConversionValue) for ADC_GetConversionValue
    cw32f030_adc.o(i.ADC_GetTsVref1V5) refers to fflti.o(.text) for __aeabi_i2f
    cw32f030_adc.o(i.ADC_GetTsVref1V5) refers to fmul.o(.text) for __aeabi_fmul
    cw32f030_adc.o(i.ADC_GetTsVref1V5) refers to ffltui.o(.text) for __aeabi_ui2f
    cw32f030_adc.o(i.ADC_GetTsVref1V5) refers to fadd.o(.text) for __aeabi_fadd
    cw32f030_adc.o(i.ADC_GetTsVref2V5) refers to cw32f030_adc.o(i.ADC_GetConversionValue) for ADC_GetConversionValue
    cw32f030_adc.o(i.ADC_GetTsVref2V5) refers to fflti.o(.text) for __aeabi_i2f
    cw32f030_adc.o(i.ADC_GetTsVref2V5) refers to fmul.o(.text) for __aeabi_fmul
    cw32f030_adc.o(i.ADC_GetTsVref2V5) refers to ffltui.o(.text) for __aeabi_ui2f
    cw32f030_adc.o(i.ADC_GetTsVref2V5) refers to fadd.o(.text) for __aeabi_fadd
    cw32f030_adc.o(i.ADC_SerialChBreakModeCfg) refers to cw32f030_adc.o(i.ADC_SerialChCommon) for ADC_SerialChCommon
    cw32f030_adc.o(i.ADC_SerialChCommon) refers to cw32f030_adc.o(i.ADC_Init) for ADC_Init
    cw32f030_adc.o(i.ADC_SerialChCommon) refers to cw32f030_adc.o(i.ADC_Sqr0ChannelCfg) for ADC_Sqr0ChannelCfg
    cw32f030_adc.o(i.ADC_SerialChCommon) refers to cw32f030_adc.o(i.ADC_Sqr01ChannelCfg) for ADC_Sqr01ChannelCfg
    cw32f030_adc.o(i.ADC_SerialChCommon) refers to cw32f030_adc.o(i.ADC_Sqr02ChannelCfg) for ADC_Sqr02ChannelCfg
    cw32f030_adc.o(i.ADC_SerialChCommon) refers to cw32f030_adc.o(i.ADC_Sqr03ChannelCfg) for ADC_Sqr03ChannelCfg
    cw32f030_adc.o(i.ADC_SerialChContinuousModeCfg) refers to cw32f030_adc.o(i.ADC_SerialChCommon) for ADC_SerialChCommon
    cw32f030_adc.o(i.ADC_SerialChMoreModeCfg) refers to cw32f030_adc.o(i.ADC_SerialChCommon) for ADC_SerialChCommon
    cw32f030_adc.o(i.ADC_SerialChScanModeCfg) refers to cw32f030_adc.o(i.ADC_SerialChCommon) for ADC_SerialChCommon
    cw32f030_adc.o(i.ADC_SingleChCommon) refers to cw32f030_adc.o(i.ADC_Init) for ADC_Init
    cw32f030_adc.o(i.ADC_SingleChCommon) refers to cw32f030_adc.o(i.ADC_BufEnSingleCh) for ADC_BufEnSingleCh
    cw32f030_adc.o(i.ADC_SingleChCommon) refers to cw32f030_adc.o(i.ADC_WdtConfig) for ADC_WdtConfig
    cw32f030_adc.o(i.ADC_SingleChContinuousModeCfg) refers to cw32f030_adc.o(i.ADC_SingleChCommon) for ADC_SingleChCommon
    cw32f030_adc.o(i.ADC_SingleChMoreModeCfg) refers to cw32f030_adc.o(i.ADC_SingleChCommon) for ADC_SingleChCommon
    cw32f030_adc.o(i.ADC_SingleChOneModeCfg) refers to cw32f030_adc.o(i.ADC_SingleChCommon) for ADC_SingleChCommon
    cw32f030_adc.o(i.ADC_Sqr01ChannelCfg) refers to cw32f030_adc.o(i.ADC_BufEnSerialCh) for ADC_BufEnSerialCh
    cw32f030_adc.o(i.ADC_Sqr02ChannelCfg) refers to cw32f030_adc.o(i.ADC_BufEnSerialCh) for ADC_BufEnSerialCh
    cw32f030_adc.o(i.ADC_Sqr03ChannelCfg) refers to cw32f030_adc.o(i.ADC_BufEnSerialCh) for ADC_BufEnSerialCh
    cw32f030_adc.o(i.ADC_Sqr0ChannelCfg) refers to cw32f030_adc.o(i.ADC_BufEnSerialCh) for ADC_BufEnSerialCh
    cw32f030_flash.o(i.FLASH_SetReadOutLevel) refers to cw32f030_flash.o(i.FLASH_GetReadOutLevel) for FLASH_GetReadOutLevel
    cw32f030_i2c.o(i.I2C_MasterReadEepomData) refers to cw32f030_i2c.o(i.I2C_GenerateSTART) for I2C_GenerateSTART
    cw32f030_i2c.o(i.I2C_MasterReadEepomData) refers to cw32f030_i2c.o(i.I2C_GetIrq) for I2C_GetIrq
    cw32f030_i2c.o(i.I2C_MasterReadEepomData) refers to cw32f030_i2c.o(i.I2C_GetState) for I2C_GetState
    cw32f030_i2c.o(i.I2C_MasterReadEepomData) refers to cw32f030_i2c.o(i.__ARM_common_switch8) for __ARM_common_switch8
    cw32f030_i2c.o(i.I2C_MasterReadEepomData) refers to cw32f030_i2c.o(i.I2C_Send7bitAddress) for I2C_Send7bitAddress
    cw32f030_i2c.o(i.I2C_MasterReadEepomData) refers to cw32f030_i2c.o(i.I2C_SendData) for I2C_SendData
    cw32f030_i2c.o(i.I2C_MasterReadEepomData) refers to cw32f030_i2c.o(i.I2C_AcknowledgeConfig) for I2C_AcknowledgeConfig
    cw32f030_i2c.o(i.I2C_MasterReadEepomData) refers to cw32f030_i2c.o(i.I2C_ReceiveData) for I2C_ReceiveData
    cw32f030_i2c.o(i.I2C_MasterReadEepomData) refers to cw32f030_i2c.o(i.I2C_GenerateSTOP) for I2C_GenerateSTOP
    cw32f030_i2c.o(i.I2C_MasterReadEepomData) refers to cw32f030_i2c.o(i.I2C_ClearIrq) for I2C_ClearIrq
    cw32f030_i2c.o(i.I2C_MasterRecDataFromSlave) refers to cw32f030_i2c.o(i.I2C_GenerateSTART) for I2C_GenerateSTART
    cw32f030_i2c.o(i.I2C_MasterRecDataFromSlave) refers to cw32f030_i2c.o(i.I2C_GetIrq) for I2C_GetIrq
    cw32f030_i2c.o(i.I2C_MasterRecDataFromSlave) refers to cw32f030_i2c.o(i.I2C_GetState) for I2C_GetState
    cw32f030_i2c.o(i.I2C_MasterRecDataFromSlave) refers to cw32f030_i2c.o(i.I2C_Send7bitAddress) for I2C_Send7bitAddress
    cw32f030_i2c.o(i.I2C_MasterRecDataFromSlave) refers to cw32f030_i2c.o(i.I2C_AcknowledgeConfig) for I2C_AcknowledgeConfig
    cw32f030_i2c.o(i.I2C_MasterRecDataFromSlave) refers to cw32f030_i2c.o(i.I2C_ReceiveData) for I2C_ReceiveData
    cw32f030_i2c.o(i.I2C_MasterRecDataFromSlave) refers to cw32f030_i2c.o(i.I2C_GenerateSTOP) for I2C_GenerateSTOP
    cw32f030_i2c.o(i.I2C_MasterRecDataFromSlave) refers to cw32f030_i2c.o(i.I2C_ClearIrq) for I2C_ClearIrq
    cw32f030_i2c.o(i.I2C_MasterSendDataToSlave) refers to cw32f030_i2c.o(i.I2C_GenerateSTART) for I2C_GenerateSTART
    cw32f030_i2c.o(i.I2C_MasterSendDataToSlave) refers to cw32f030_i2c.o(i.I2C_GetIrq) for I2C_GetIrq
    cw32f030_i2c.o(i.I2C_MasterSendDataToSlave) refers to cw32f030_i2c.o(i.I2C_GetState) for I2C_GetState
    cw32f030_i2c.o(i.I2C_MasterSendDataToSlave) refers to cw32f030_i2c.o(i.I2C_Send7bitAddress) for I2C_Send7bitAddress
    cw32f030_i2c.o(i.I2C_MasterSendDataToSlave) refers to cw32f030_i2c.o(i.I2C_SendData) for I2C_SendData
    cw32f030_i2c.o(i.I2C_MasterSendDataToSlave) refers to cw32f030_i2c.o(i.I2C_GenerateSTOP) for I2C_GenerateSTOP
    cw32f030_i2c.o(i.I2C_MasterSendDataToSlave) refers to cw32f030_i2c.o(i.I2C_ClearIrq) for I2C_ClearIrq
    cw32f030_i2c.o(i.I2C_MasterWriteEepromData) refers to cw32f030_i2c.o(i.I2C_GenerateSTART) for I2C_GenerateSTART
    cw32f030_i2c.o(i.I2C_MasterWriteEepromData) refers to cw32f030_i2c.o(i.I2C_GetIrq) for I2C_GetIrq
    cw32f030_i2c.o(i.I2C_MasterWriteEepromData) refers to cw32f030_i2c.o(i.I2C_GetState) for I2C_GetState
    cw32f030_i2c.o(i.I2C_MasterWriteEepromData) refers to cw32f030_i2c.o(i.I2C_Send7bitAddress) for I2C_Send7bitAddress
    cw32f030_i2c.o(i.I2C_MasterWriteEepromData) refers to cw32f030_i2c.o(i.I2C_SendData) for I2C_SendData
    cw32f030_i2c.o(i.I2C_MasterWriteEepromData) refers to cw32f030_i2c.o(i.I2C_GenerateSTOP) for I2C_GenerateSTOP
    cw32f030_i2c.o(i.I2C_MasterWriteEepromData) refers to cw32f030_i2c.o(i.I2C_ClearIrq) for I2C_ClearIrq
    cw32f030_i2c.o(i.I2C_Master_Init) refers to cw32f030_i2c.o(i.I2C_SetBaud) for I2C_SetBaud
    cw32f030_i2c.o(i.I2C_Master_Init) refers to cw32f030_i2c.o(i.I2C_BaudGeneratorEnable) for I2C_BaudGeneratorEnable
    cw32f030_i2c.o(i.I2C_Master_Init) refers to cw32f030_i2c.o(i.I2C_FilterConfig) for I2C_FilterConfig
    cw32f030_i2c.o(i.I2C_Master_Init) refers to cw32f030_i2c.o(i.I2C_AcknowledgeConfig) for I2C_AcknowledgeConfig
    cw32f030_i2c.o(i.I2C_SlaveRecDataFromMaster) refers to cw32f030_i2c.o(i.I2C_GetIrq) for I2C_GetIrq
    cw32f030_i2c.o(i.I2C_SlaveRecDataFromMaster) refers to cw32f030_i2c.o(i.I2C_GetState) for I2C_GetState
    cw32f030_i2c.o(i.I2C_SlaveRecDataFromMaster) refers to cw32f030_i2c.o(i.__ARM_common_switch8) for __ARM_common_switch8
    cw32f030_i2c.o(i.I2C_SlaveRecDataFromMaster) refers to cw32f030_i2c.o(i.I2C_ReceiveData) for I2C_ReceiveData
    cw32f030_i2c.o(i.I2C_SlaveRecDataFromMaster) refers to cw32f030_i2c.o(i.I2C_ClearIrq) for I2C_ClearIrq
    cw32f030_i2c.o(i.I2C_SlaveSendDataToMaster) refers to cw32f030_i2c.o(i.I2C_GetIrq) for I2C_GetIrq
    cw32f030_i2c.o(i.I2C_SlaveSendDataToMaster) refers to cw32f030_i2c.o(i.I2C_GetState) for I2C_GetState
    cw32f030_i2c.o(i.I2C_SlaveSendDataToMaster) refers to cw32f030_i2c.o(i.I2C_SendData) for I2C_SendData
    cw32f030_i2c.o(i.I2C_SlaveSendDataToMaster) refers to cw32f030_i2c.o(i.I2C_ClearIrq) for I2C_ClearIrq
    cw32f030_i2c.o(i.I2C_Slave_Init) refers to cw32f030_i2c.o(i.I2C_FilterConfig) for I2C_FilterConfig
    cw32f030_i2c.o(i.I2C_Slave_Init) refers to cw32f030_i2c.o(i.I2C_AcknowledgeConfig) for I2C_AcknowledgeConfig
    cw32f030_i2c.o(i.I2C_Slave_Init) refers to cw32f030_i2c.o(i.I2C_SetOwnSlaveAddress0) for I2C_SetOwnSlaveAddress0
    cw32f030_i2c.o(i.I2C_Slave_Init) refers to cw32f030_i2c.o(i.I2C_GcConfig) for I2C_GcConfig
    cw32f030_i2c.o(i.I2C_Slave_Init) refers to cw32f030_i2c.o(i.I2C_SetOwnSlaveAddress1) for I2C_SetOwnSlaveAddress1
    cw32f030_i2c.o(i.I2C_Slave_Init) refers to cw32f030_i2c.o(i.I2C_SetOwnSlaveAddress2) for I2C_SetOwnSlaveAddress2
    cw32f030_lvd.o(i.LVD_DeInit) refers to cw32f030_lvd.o(i.LVD_DisableIrq) for LVD_DisableIrq
    cw32f030_lvd.o(i.LVD_DeInit) refers to cw32f030_lvd.o(i.LVD_Disable) for LVD_Disable
    cw32f030_lvd.o(i.LVD_DisableIrq) refers to cw32f030_lvd.o(i.LVD_DisableNvic) for LVD_DisableNvic
    cw32f030_lvd.o(i.LVD_DisableNvic) refers to cw32f030_lvd.o(i.__NVIC_ClearPendingIRQ) for __NVIC_ClearPendingIRQ
    cw32f030_lvd.o(i.LVD_EnableIrq) refers to cw32f030_lvd.o(i.LVD_EnableNvic) for LVD_EnableNvic
    cw32f030_lvd.o(i.LVD_EnableNvic) refers to cw32f030_lvd.o(i.__NVIC_ClearPendingIRQ) for __NVIC_ClearPendingIRQ
    cw32f030_lvd.o(i.LVD_EnableNvic) refers to cw32f030_lvd.o(i.__NVIC_SetPriority) for __NVIC_SetPriority
    cw32f030_lvd.o(i.LVD_Init) refers to cw32f030_lvd.o(i.LVD_Disable) for LVD_Disable
    cw32f030_lvd.o(i.LVD_Init) refers to cw32f030_lvd.o(i.LVD_DisableIrq) for LVD_DisableIrq
    cw32f030_rcc.o(i.RCC_HSE_Enable) refers to uidiv.o(.text) for __aeabi_uidivmod
    cw32f030_rcc.o(i.RCC_HSE_Enable) refers to ldiv.o(.text) for __aeabi_ldivmod
    cw32f030_rcc.o(i.RCC_PLL_Enable) refers to memcpya.o(.text) for __aeabi_memcpy4
    cw32f030_rcc.o(i.RCC_PLL_Enable) refers to cw32f030_rcc.o(.constdata) for .constdata
    cw32f030_rcc.o(i.RCC_SYSCLKSRC_Config) refers to cw32f030_rcc.o(i.RCC_Sysctrl_GetHClkFreq) for RCC_Sysctrl_GetHClkFreq
    cw32f030_rcc.o(i.RCC_SYSCLKSRC_Config) refers to cw32f030_rcc.o(i.RCC_SystemCoreClockUpdate) for RCC_SystemCoreClockUpdate
    cw32f030_rcc.o(i.RCC_SysClk_Switch) refers to cw32f030_rcc.o(i.RCC_Sysctrl_GetHClkFreq) for RCC_Sysctrl_GetHClkFreq
    cw32f030_rcc.o(i.RCC_SysClk_Switch) refers to cw32f030_rcc.o(i.RCC_SystemCoreClockUpdate) for RCC_SystemCoreClockUpdate
    cw32f030_rcc.o(i.RCC_Sysctrl_GetHClkFreq) refers to cw32f030_i2c.o(i.__ARM_common_switch8) for __ARM_common_switch8
    cw32f030_rcc.o(i.RCC_Sysctrl_GetHClkFreq) refers to uidiv.o(.text) for __aeabi_uidivmod
    cw32f030_rcc.o(i.RCC_Sysctrl_GetHClkFreq) refers to cw32f030_rcc.o(.constdata) for hsiprs_tbl
    cw32f030_rcc.o(i.RCC_Sysctrl_GetPClkFreq) refers to cw32f030_rcc.o(i.RCC_Sysctrl_GetHClkFreq) for RCC_Sysctrl_GetHClkFreq
    cw32f030_rcc.o(i.RCC_SystemCoreClockUpdate) refers to system_cw32f030.o(.data) for SystemCoreClock
    cw32f030_rtc.o(i.RTC_Init) refers to cw32f030_rtc.o(i.RTC_Cmd) for RTC_Cmd
    cw32f030_rtc.o(i.RTC_Init) refers to cw32f030_rtc.o(i.RTC_SetClockSource) for RTC_SetClockSource
    cw32f030_rtc.o(i.RTC_Init) refers to cw32f030_rcc.o(i.RCC_GetAllRstFlag) for RCC_GetAllRstFlag
    cw32f030_rtc.o(i.RTC_Init) refers to cw32f030_rtc.o(i.RTC_SetDate) for RTC_SetDate
    cw32f030_rtc.o(i.RTC_Init) refers to cw32f030_rtc.o(i.RTC_SetTime) for RTC_SetTime
    cw32f030_systick.o(i.GetTick) refers to cw32f030_systick.o(.data) for uwTick
    cw32f030_systick.o(i.InitTick) refers to uidiv.o(.text) for __aeabi_uidivmod
    cw32f030_systick.o(i.InitTick) refers to cw32f030_systick.o(i.__NVIC_SetPriority) for __NVIC_SetPriority
    cw32f030_systick.o(i.InitTick) refers to cw32f030_systick.o(.data) for uwTickFreq
    cw32f030_systick.o(i.SysTickDelay) refers to cw32f030_systick.o(i.GetTick) for GetTick
    cw32f030_systick.o(i.SysTickDelay) refers to cw32f030_systick.o(.data) for uwTickFreq
    cw32f030_systick.o(i.SysTick_Handler) refers to cw32f030_systick.o(.data) for uwTick
    cw32f030_uart.o(i.USART_Init) refers to ffltui.o(.text) for __aeabi_ui2f
    cw32f030_uart.o(i.USART_Init) refers to fdiv.o(.text) for __aeabi_fdiv
    cw32f030_uart.o(i.USART_Init) refers to ffixui.o(.text) for __aeabi_f2uiz
    cw32f030_uart.o(i.USART_Init) refers to fadd.o(.text) for __aeabi_frsub
    cw32f030_uart.o(i.USART_Init) refers to fmul.o(.text) for __aeabi_fmul
    cw32f030_uart.o(i.USART_Init) refers to f2d.o(.text) for __aeabi_f2d
    cw32f030_uart.o(i.USART_Init) refers to dadd.o(.text) for __aeabi_dadd
    cw32f030_uart.o(i.USART_Init) refers to dfixui.o(.text) for __aeabi_d2uiz
    cw32f030_vc.o(i.VC1VC2_INNInit) refers to cw32f030_adc.o(i.ADC_Enable) for ADC_Enable
    cw32f030_vc.o(i.VC1_ChannelDeInit) refers to cw32f030_vc.o(i.VC_DisableNvic) for VC_DisableNvic
    cw32f030_vc.o(i.VC1_ChannelInit) refers to cw32f030_vc.o(i.VC1VC2_INNInit) for VC1VC2_INNInit
    cw32f030_vc.o(i.VC1_DisableIrq) refers to cw32f030_vc.o(i.VC_DisableNvic) for VC_DisableNvic
    cw32f030_vc.o(i.VC1_EnableChannel) refers to cw32f030_vc.o(i.VC1_GetFlagStatus) for VC1_GetFlagStatus
    cw32f030_vc.o(i.VC1_EnableIrq) refers to cw32f030_vc.o(i.VC_EnableNvic) for VC_EnableNvic
    cw32f030_vc.o(i.VC2_ChannelDeInit) refers to cw32f030_vc.o(i.VC_DisableNvic) for VC_DisableNvic
    cw32f030_vc.o(i.VC2_ChannelInit) refers to cw32f030_vc.o(i.VC1VC2_INNInit) for VC1VC2_INNInit
    cw32f030_vc.o(i.VC2_DisableIrq) refers to cw32f030_vc.o(i.VC_DisableNvic) for VC_DisableNvic
    cw32f030_vc.o(i.VC2_EnableChannel) refers to cw32f030_vc.o(i.VC2_GetFlagStatus) for VC2_GetFlagStatus
    cw32f030_vc.o(i.VC2_EnableIrq) refers to cw32f030_vc.o(i.VC_EnableNvic) for VC_EnableNvic
    cw32f030_vc.o(i.VC_DeInit) refers to cw32f030_vc.o(i.VC1_ChannelDeInit) for VC1_ChannelDeInit
    cw32f030_vc.o(i.VC_DeInit) refers to cw32f030_vc.o(i.VC2_ChannelDeInit) for VC2_ChannelDeInit
    cw32f030_vc.o(i.VC_DisableNvic) refers to cw32f030_vc.o(i.__NVIC_ClearPendingIRQ) for __NVIC_ClearPendingIRQ
    cw32f030_vc.o(i.VC_EnableNvic) refers to cw32f030_vc.o(i.__NVIC_ClearPendingIRQ) for __NVIC_ClearPendingIRQ
    cw32f030_vc.o(i.VC_EnableNvic) refers to cw32f030_vc.o(i.__NVIC_SetPriority) for __NVIC_SetPriority
    main.o(i.main) refers to cw32f030_rcc.o(i.RCC_AHBPeriphClk_Enable) for RCC_AHBPeriphClk_Enable
    main.o(i.main) refers to cw32f030_flash.o(i.FLASH_SetLatency) for FLASH_SetLatency
    main.o(i.main) refers to cw32f030_rcc.o(i.RCC_HSI_Enable) for RCC_HSI_Enable
    main.o(i.main) refers to cw32f030_rcc.o(i.RCC_PLL_Enable) for RCC_PLL_Enable
    main.o(i.main) refers to cw32f030_rcc.o(i.RCC_SysClk_Switch) for RCC_SysClk_Switch
    main.o(i.main) refers to cw32f030_gpio.o(i.GPIO_Init) for GPIO_Init
    main.o(i.main) refers to cw32f030_dma.o(i.DMA_Init) for DMA_Init
    main.o(i.main) refers to cw32f030_dma.o(i.DMA_Cmd) for DMA_Cmd
    main.o(i.main) refers to cw32f030_spi.o(i.SPI_Init) for SPI_Init
    main.o(i.main) refers to cw32f030_spi.o(i.SPI_Cmd) for SPI_Cmd
    main.o(i.main) refers to cw32f030_spi.o(i.SPI_GetFlagStatus) for SPI_GetFlagStatus
    main.o(i.main) refers to cw32f030_spi.o(i.SPI_SendData) for SPI_SendData
    main.o(i.main) refers to main.o(.data) for spi_buffer
    entry.o(.ARM.Collect$$$$00000000) refers (Special) to entry10a.o(.ARM.Collect$$$$0000000F) for __rt_final_cpp
    entry.o(.ARM.Collect$$$$00000000) refers (Special) to entry11a.o(.ARM.Collect$$$$00000011) for __rt_final_exit
    entry.o(.ARM.Collect$$$$00000000) refers (Special) to entry12b.o(.ARM.Collect$$$$0000000E) for __rt_lib_shutdown_fini
    entry.o(.ARM.Collect$$$$00000000) refers (Special) to entry7b.o(.ARM.Collect$$$$00000008) for _main_clock
    entry.o(.ARM.Collect$$$$00000000) refers (Special) to entry8b.o(.ARM.Collect$$$$0000000A) for _main_cpp_init
    entry.o(.ARM.Collect$$$$00000000) refers (Special) to entry9a.o(.ARM.Collect$$$$0000000B) for _main_init
    entry.o(.ARM.Collect$$$$00000000) refers (Special) to entry5.o(.ARM.Collect$$$$00000004) for _main_scatterload
    entry.o(.ARM.Collect$$$$00000000) refers (Special) to entry2.o(.ARM.Collect$$$$00000001) for _main_stk
    ldiv.o(.text) refers to uldiv.o(.text) for __aeabi_uldivmod
    fadd.o(.text) refers (Special) to iusefp.o(.text) for __I$use$fp
    fadd.o(.text) refers to fepilogue.o(.text) for _float_epilogue
    fmul.o(.text) refers (Special) to iusefp.o(.text) for __I$use$fp
    fdiv.o(.text) refers (Special) to iusefp.o(.text) for __I$use$fp
    fdiv.o(.text) refers to fepilogue.o(.text) for _float_round
    dadd.o(.text) refers (Special) to iusefp.o(.text) for __I$use$fp
    dadd.o(.text) refers to llshl.o(.text) for __aeabi_llsl
    dadd.o(.text) refers to llsshr.o(.text) for __aeabi_lasr
    dadd.o(.text) refers to depilogue.o(.text) for _double_epilogue
    fflti.o(.text) refers (Special) to iusefp.o(.text) for __I$use$fp
    fflti.o(.text) refers to fepilogue.o(.text) for _float_epilogue
    ffltui.o(.text) refers (Special) to iusefp.o(.text) for __I$use$fp
    ffltui.o(.text) refers to fepilogue.o(.text) for _float_epilogue
    ffixui.o(.text) refers (Special) to iusefp.o(.text) for __I$use$fp
    dfixui.o(.text) refers (Special) to iusefp.o(.text) for __I$use$fp
    dfixui.o(.text) refers to llushr.o(.text) for __aeabi_llsr
    f2d.o(.text) refers (Special) to iusefp.o(.text) for __I$use$fp
    entry2.o(.ARM.Collect$$$$00000001) refers to entry2.o(.ARM.Collect$$$$00002712) for __lit__00000000
    entry2.o(.ARM.Collect$$$$00002712) refers to startup_cw32f030.o(STACK) for __initial_sp
    entry2.o(__vectab_stack_and_reset_area) refers to startup_cw32f030.o(STACK) for __initial_sp
    entry2.o(__vectab_stack_and_reset_area) refers to entry.o(.ARM.Collect$$$$00000000) for __main
    entry5.o(.ARM.Collect$$$$00000004) refers to init.o(.text) for __scatterload
    entry9a.o(.ARM.Collect$$$$0000000B) refers to main.o(i.main) for main
    entry9b.o(.ARM.Collect$$$$0000000C) refers to main.o(i.main) for main
    uldiv.o(.text) refers to llushr.o(.text) for __aeabi_llsr
    uldiv.o(.text) refers to llshl.o(.text) for __aeabi_llsl
    depilogue.o(.text) refers to depilogue.o(i.__ARM_clz) for __ARM_clz
    depilogue.o(.text) refers to llshl.o(.text) for __aeabi_llsl
    depilogue.o(.text) refers to llushr.o(.text) for __aeabi_llsr
    init.o(.text) refers to entry5.o(.ARM.Collect$$$$00000004) for __main_after_scatterload


==============================================================================

Removing Unused input sections from the image.

    Removing system_cw32f030.o(.rev16_text), (4 bytes).
    Removing system_cw32f030.o(.revsh_text), (4 bytes).
    Removing system_cw32f030.o(i.FirmwareDelay), (18 bytes).
    Removing system_cw32f030.o(i.MemClr), (32 bytes).
    Removing system_cw32f030.o(i.delay100us), (92 bytes).
    Removing system_cw32f030.o(i.delay10us), (92 bytes).
    Removing system_cw32f030.o(i.delay1ms), (88 bytes).
    Removing startup_cw32f030.o(HEAP), (512 bytes).
    Removing cw32f030_adc.o(.rev16_text), (4 bytes).
    Removing cw32f030_adc.o(.revsh_text), (4 bytes).
    Removing cw32f030_adc.o(i.ADC_AutoStop), (20 bytes).
    Removing cw32f030_adc.o(i.ADC_BufEnSerialCh), (68 bytes).
    Removing cw32f030_adc.o(i.ADC_BufEnSingleCh), (68 bytes).
    Removing cw32f030_adc.o(i.ADC_ClearITPendingAll), (20 bytes).
    Removing cw32f030_adc.o(i.ADC_ClearITPendingBit), (16 bytes).
    Removing cw32f030_adc.o(i.ADC_ClrAccResult), (20 bytes).
    Removing cw32f030_adc.o(i.ADC_DMACmd), (36 bytes).
    Removing cw32f030_adc.o(i.ADC_DMADisable), (20 bytes).
    Removing cw32f030_adc.o(i.ADC_DMAEnable), (20 bytes).
    Removing cw32f030_adc.o(i.ADC_DeInit), (32 bytes).
    Removing cw32f030_adc.o(i.ADC_Disable), (20 bytes).
    Removing cw32f030_adc.o(i.ADC_DisableIrq), (24 bytes).
    Removing cw32f030_adc.o(i.ADC_DisableNvic), (52 bytes).
    Removing cw32f030_adc.o(i.ADC_Enable), (32 bytes).
    Removing cw32f030_adc.o(i.ADC_EnableIrq), (12 bytes).
    Removing cw32f030_adc.o(i.ADC_EnableNvic), (56 bytes).
    Removing cw32f030_adc.o(i.ADC_ExtTrigCfg), (40 bytes).
    Removing cw32f030_adc.o(i.ADC_GetAccResult), (20 bytes).
    Removing cw32f030_adc.o(i.ADC_GetConversionValue), (12 bytes).
    Removing cw32f030_adc.o(i.ADC_GetITStatus), (24 bytes).
    Removing cw32f030_adc.o(i.ADC_GetITStatusAll), (12 bytes).
    Removing cw32f030_adc.o(i.ADC_GetSqr0Result), (20 bytes).
    Removing cw32f030_adc.o(i.ADC_GetSqr1Result), (20 bytes).
    Removing cw32f030_adc.o(i.ADC_GetSqr2Result), (20 bytes).
    Removing cw32f030_adc.o(i.ADC_GetSqr3Result), (20 bytes).
    Removing cw32f030_adc.o(i.ADC_GetTsVref1V5), (68 bytes).
    Removing cw32f030_adc.o(i.ADC_GetTsVref2V5), (68 bytes).
    Removing cw32f030_adc.o(i.ADC_ITConfig), (40 bytes).
    Removing cw32f030_adc.o(i.ADC_Init), (136 bytes).
    Removing cw32f030_adc.o(i.ADC_SerialChBreakModeCfg), (32 bytes).
    Removing cw32f030_adc.o(i.ADC_SerialChCommon), (82 bytes).
    Removing cw32f030_adc.o(i.ADC_SerialChContinuousModeCfg), (32 bytes).
    Removing cw32f030_adc.o(i.ADC_SerialChMoreModeCfg), (56 bytes).
    Removing cw32f030_adc.o(i.ADC_SerialChScanModeCfg), (32 bytes).
    Removing cw32f030_adc.o(i.ADC_SetAlign), (20 bytes).
    Removing cw32f030_adc.o(i.ADC_SetDiscard), (20 bytes).
    Removing cw32f030_adc.o(i.ADC_SetTs), (20 bytes).
    Removing cw32f030_adc.o(i.ADC_SetVref), (60 bytes).
    Removing cw32f030_adc.o(i.ADC_SingleChCommon), (64 bytes).
    Removing cw32f030_adc.o(i.ADC_SingleChContinuousModeCfg), (32 bytes).
    Removing cw32f030_adc.o(i.ADC_SingleChMoreModeCfg), (56 bytes).
    Removing cw32f030_adc.o(i.ADC_SingleChOneModeCfg), (28 bytes).
    Removing cw32f030_adc.o(i.ADC_SoftwareStartConvCmd), (36 bytes).
    Removing cw32f030_adc.o(i.ADC_Sqr01ChannelCfg), (52 bytes).
    Removing cw32f030_adc.o(i.ADC_Sqr02ChannelCfg), (64 bytes).
    Removing cw32f030_adc.o(i.ADC_Sqr03ChannelCfg), (72 bytes).
    Removing cw32f030_adc.o(i.ADC_Sqr0ChannelCfg), (40 bytes).
    Removing cw32f030_adc.o(i.ADC_StructInit), (26 bytes).
    Removing cw32f030_adc.o(i.ADC_WdtConfig), (84 bytes).
    Removing cw32f030_adc.o(i.ADC_WdtInit), (28 bytes).
    Removing cw32f030_adc.o(i.__NVIC_ClearPendingIRQ), (24 bytes).
    Removing cw32f030_adc.o(i.__NVIC_SetPriority), (120 bytes).
    Removing cw32f030_atim.o(.rev16_text), (4 bytes).
    Removing cw32f030_atim.o(.revsh_text), (4 bytes).
    Removing cw32f030_atim.o(i.ATIM_ADCTriggerConfig), (36 bytes).
    Removing cw32f030_atim.o(i.ATIM_BrakeConfig), (28 bytes).
    Removing cw32f030_atim.o(i.ATIM_CH1Config), (32 bytes).
    Removing cw32f030_atim.o(i.ATIM_CH2Config), (32 bytes).
    Removing cw32f030_atim.o(i.ATIM_CH3Config), (32 bytes).
    Removing cw32f030_atim.o(i.ATIM_CH4Config), (32 bytes).
    Removing cw32f030_atim.o(i.ATIM_ClearITPendingBit), (12 bytes).
    Removing cw32f030_atim.o(i.ATIM_Cmd), (24 bytes).
    Removing cw32f030_atim.o(i.ATIM_CtrlPWMOutputs), (32 bytes).
    Removing cw32f030_atim.o(i.ATIM_DeInit), (32 bytes).
    Removing cw32f030_atim.o(i.ATIM_ETRConfig), (24 bytes).
    Removing cw32f030_atim.o(i.ATIM_GetCapture1A), (12 bytes).
    Removing cw32f030_atim.o(i.ATIM_GetCapture1B), (12 bytes).
    Removing cw32f030_atim.o(i.ATIM_GetCapture2A), (12 bytes).
    Removing cw32f030_atim.o(i.ATIM_GetCapture2B), (12 bytes).
    Removing cw32f030_atim.o(i.ATIM_GetCapture3A), (12 bytes).
    Removing cw32f030_atim.o(i.ATIM_GetCapture3B), (12 bytes).
    Removing cw32f030_atim.o(i.ATIM_GetITStatus), (24 bytes).
    Removing cw32f030_atim.o(i.ATIM_IC1AInit), (48 bytes).
    Removing cw32f030_atim.o(i.ATIM_IC1BInit), (52 bytes).
    Removing cw32f030_atim.o(i.ATIM_IC2AInit), (52 bytes).
    Removing cw32f030_atim.o(i.ATIM_IC2BInit), (56 bytes).
    Removing cw32f030_atim.o(i.ATIM_IC3AInit), (52 bytes).
    Removing cw32f030_atim.o(i.ATIM_IC3BInit), (56 bytes).
    Removing cw32f030_atim.o(i.ATIM_ITConfig), (32 bytes).
    Removing cw32f030_atim.o(i.ATIM_Init), (104 bytes).
    Removing cw32f030_atim.o(i.ATIM_MasterModeConfig), (24 bytes).
    Removing cw32f030_atim.o(i.ATIM_OC1AInit), (116 bytes).
    Removing cw32f030_atim.o(i.ATIM_OC1BInit), (96 bytes).
    Removing cw32f030_atim.o(i.ATIM_OC2AInit), (120 bytes).
    Removing cw32f030_atim.o(i.ATIM_OC2BInit), (100 bytes).
    Removing cw32f030_atim.o(i.ATIM_OC3AInit), (120 bytes).
    Removing cw32f030_atim.o(i.ATIM_OC3BInit), (100 bytes).
    Removing cw32f030_atim.o(i.ATIM_OC4Init), (64 bytes).
    Removing cw32f030_atim.o(i.ATIM_PWMOutputConfig), (76 bytes).
    Removing cw32f030_atim.o(i.ATIM_SetCompare1A), (12 bytes).
    Removing cw32f030_atim.o(i.ATIM_SetCompare1B), (12 bytes).
    Removing cw32f030_atim.o(i.ATIM_SetCompare2A), (12 bytes).
    Removing cw32f030_atim.o(i.ATIM_SetCompare2B), (12 bytes).
    Removing cw32f030_atim.o(i.ATIM_SetCompare3A), (12 bytes).
    Removing cw32f030_atim.o(i.ATIM_SetCompare3B), (12 bytes).
    Removing cw32f030_atim.o(i.ATIM_SetCompare4), (12 bytes).
    Removing cw32f030_atim.o(i.ATIM_SetReloadValue), (12 bytes).
    Removing cw32f030_atim.o(i.ATIM_SlaverModeConfig), (32 bytes).
    Removing cw32f030_atim.o(i.ATIM_TriggerSelect), (28 bytes).
    Removing cw32f030_atim.o(i.ATIM_UpdateEventSelect), (32 bytes).
    Removing cw32f030_awt.o(.rev16_text), (4 bytes).
    Removing cw32f030_awt.o(.revsh_text), (4 bytes).
    Removing cw32f030_awt.o(i.AWT_ClearITPendingBit), (16 bytes).
    Removing cw32f030_awt.o(i.AWT_ClkSourceConfig), (24 bytes).
    Removing cw32f030_awt.o(i.AWT_Cmd), (36 bytes).
    Removing cw32f030_awt.o(i.AWT_DeInit), (28 bytes).
    Removing cw32f030_awt.o(i.AWT_GetAutoreload), (12 bytes).
    Removing cw32f030_awt.o(i.AWT_GetClkSource), (16 bytes).
    Removing cw32f030_awt.o(i.AWT_GetCounter), (12 bytes).
    Removing cw32f030_awt.o(i.AWT_GetITStatus), (24 bytes).
    Removing cw32f030_awt.o(i.AWT_GetPrescaler), (16 bytes).
    Removing cw32f030_awt.o(i.AWT_ITConfig), (32 bytes).
    Removing cw32f030_awt.o(i.AWT_PrescalerConfig), (20 bytes).
    Removing cw32f030_awt.o(i.AWT_TimeCntInit), (40 bytes).
    Removing cw32f030_awt.o(i.AWT_TimeCntStructInit), (24 bytes).
    Removing cw32f030_btim.o(.rev16_text), (4 bytes).
    Removing cw32f030_btim.o(.revsh_text), (4 bytes).
    Removing cw32f030_btim.o(RAMCODE), (8 bytes).
    Removing cw32f030_btim.o(i.BTIM_Cmd), (24 bytes).
    Removing cw32f030_btim.o(i.BTIM_DMACmd), (20 bytes).
    Removing cw32f030_btim.o(i.BTIM_DeInit), (28 bytes).
    Removing cw32f030_btim.o(i.BTIM_ETRConfig), (24 bytes).
    Removing cw32f030_btim.o(i.BTIM_GetAutoreload), (8 bytes).
    Removing cw32f030_btim.o(i.BTIM_GetCounter), (8 bytes).
    Removing cw32f030_btim.o(i.BTIM_GetITStatus), (18 bytes).
    Removing cw32f030_btim.o(i.BTIM_GetPrescaler), (10 bytes).
    Removing cw32f030_btim.o(i.BTIM_ITConfig), (20 bytes).
    Removing cw32f030_btim.o(i.BTIM_ModeConfig), (12 bytes).
    Removing cw32f030_btim.o(i.BTIM_OutputToggleCmd), (24 bytes).
    Removing cw32f030_btim.o(i.BTIM_PrescalerConfig), (34 bytes).
    Removing cw32f030_btim.o(i.BTIM_SelectETRInputPolarity), (12 bytes).
    Removing cw32f030_btim.o(i.BTIM_SelectInputTrigger), (12 bytes).
    Removing cw32f030_btim.o(i.BTIM_SelectOnePulseMode), (12 bytes).
    Removing cw32f030_btim.o(i.BTIM_SetAutoreload), (4 bytes).
    Removing cw32f030_btim.o(i.BTIM_SetCounter), (4 bytes).
    Removing cw32f030_btim.o(i.BTIM_TimeBaseInit), (32 bytes).
    Removing cw32f030_btim.o(i.BTIM_TimeBaseStructInit), (12 bytes).
    Removing cw32f030_crc.o(.rev16_text), (4 bytes).
    Removing cw32f030_crc.o(.revsh_text), (4 bytes).
    Removing cw32f030_crc.o(i.CRC16_Calc_16bit), (36 bytes).
    Removing cw32f030_crc.o(i.CRC16_Calc_32bit), (36 bytes).
    Removing cw32f030_crc.o(i.CRC16_Calc_8bit), (36 bytes).
    Removing cw32f030_crc.o(i.CRC32_Calc_16bit), (36 bytes).
    Removing cw32f030_crc.o(i.CRC32_Calc_32bit), (36 bytes).
    Removing cw32f030_crc.o(i.CRC32_Calc_8bit), (36 bytes).
    Removing cw32f030_debug.o(.rev16_text), (4 bytes).
    Removing cw32f030_debug.o(.revsh_text), (4 bytes).
    Removing cw32f030_debug.o(i.DBGMCU_Config), (32 bytes).
    Removing cw32f030_digitalsign.o(.rev16_text), (4 bytes).
    Removing cw32f030_digitalsign.o(.revsh_text), (4 bytes).
    Removing cw32f030_digitalsign.o(i.DIGITALSIGN_GetChipType), (26 bytes).
    Removing cw32f030_digitalsign.o(i.DIGITALSIGN_GetChipUid), (28 bytes).
    Removing cw32f030_digitalsign.o(i.DIGITALSIGN_GetFlashSize), (8 bytes).
    Removing cw32f030_digitalsign.o(i.DIGITALSIGN_GetPinCount), (12 bytes).
    Removing cw32f030_digitalsign.o(i.DIGITALSIGN_GetRamSize), (8 bytes).
    Removing cw32f030_dma.o(.rev16_text), (4 bytes).
    Removing cw32f030_dma.o(.revsh_text), (4 bytes).
    Removing cw32f030_dma.o(i.DMA_ClearITPendingBit), (16 bytes).
    Removing cw32f030_dma.o(i.DMA_DeInit), (28 bytes).
    Removing cw32f030_dma.o(i.DMA_GetFlagStatus), (10 bytes).
    Removing cw32f030_dma.o(i.DMA_GetITStatus), (24 bytes).
    Removing cw32f030_dma.o(i.DMA_ITConfig), (20 bytes).
    Removing cw32f030_dma.o(i.DMA_SWTrigCmd), (10 bytes).
    Removing cw32f030_dma.o(i.DMA_StructInit), (24 bytes).
    Removing cw32f030_flash.o(.rev16_text), (4 bytes).
    Removing cw32f030_flash.o(.revsh_text), (4 bytes).
    Removing cw32f030_flash.o(i.FLASH_CacheCmd), (40 bytes).
    Removing cw32f030_flash.o(i.FLASH_ClearITPendingBit), (16 bytes).
    Removing cw32f030_flash.o(i.FLASH_ErasePage), (120 bytes).
    Removing cw32f030_flash.o(i.FLASH_ErasePages), (140 bytes).
    Removing cw32f030_flash.o(i.FLASH_GetCacheStatus), (16 bytes).
    Removing cw32f030_flash.o(i.FLASH_GetITStatus), (24 bytes).
    Removing cw32f030_flash.o(i.FLASH_GetPrefetchStatus), (16 bytes).
    Removing cw32f030_flash.o(i.FLASH_GetReadOutLevel), (16 bytes).
    Removing cw32f030_flash.o(i.FLASH_GetStatus), (64 bytes).
    Removing cw32f030_flash.o(i.FLASH_ITConfig), (32 bytes).
    Removing cw32f030_flash.o(i.FLASH_LockAllPages), (16 bytes).
    Removing cw32f030_flash.o(i.FLASH_LockPage), (48 bytes).
    Removing cw32f030_flash.o(i.FLASH_LockPages), (68 bytes).
    Removing cw32f030_flash.o(i.FLASH_PrefetchCmd), (40 bytes).
    Removing cw32f030_flash.o(i.FLASH_SetReadOutLevel), (52 bytes).
    Removing cw32f030_flash.o(i.FLASH_UnlockAllPages), (16 bytes).
    Removing cw32f030_flash.o(i.FLASH_UnlockPage), (48 bytes).
    Removing cw32f030_flash.o(i.FLASH_UnlockPages), (68 bytes).
    Removing cw32f030_flash.o(i.FLASH_WirteBytes), (140 bytes).
    Removing cw32f030_flash.o(i.FLASH_WriteWord), (108 bytes).
    Removing cw32f030_gpio.o(.rev16_text), (4 bytes).
    Removing cw32f030_gpio.o(.revsh_text), (4 bytes).
    Removing cw32f030_gpio.o(i.GPIO_ConfigFilter), (8 bytes).
    Removing cw32f030_gpio.o(i.GPIO_DeInit), (56 bytes).
    Removing cw32f030_gpio.o(i.GPIO_GPIO2SWD), (28 bytes).
    Removing cw32f030_gpio.o(i.GPIO_HighByte_Write), (6 bytes).
    Removing cw32f030_gpio.o(i.GPIO_LockPin), (8 bytes).
    Removing cw32f030_gpio.o(i.GPIO_LowByte_Write), (6 bytes).
    Removing cw32f030_gpio.o(i.GPIO_ReadPin), (18 bytes).
    Removing cw32f030_gpio.o(i.GPIO_SWD2GPIO), (24 bytes).
    Removing cw32f030_gpio.o(i.GPIO_TogglePin), (4 bytes).
    Removing cw32f030_gpio.o(i.GPIO_WritePin), (12 bytes).
    Removing cw32f030_gtim.o(.rev16_text), (4 bytes).
    Removing cw32f030_gtim.o(.revsh_text), (4 bytes).
    Removing cw32f030_gtim.o(i.GTIM1_DeInit), (32 bytes).
    Removing cw32f030_gtim.o(i.GTIM1_ITRConfig), (44 bytes).
    Removing cw32f030_gtim.o(i.GTIM2_DeInit), (32 bytes).
    Removing cw32f030_gtim.o(i.GTIM2_ITRConfig), (48 bytes).
    Removing cw32f030_gtim.o(i.GTIM3_DeInit), (36 bytes).
    Removing cw32f030_gtim.o(i.GTIM3_ITRConfig), (48 bytes).
    Removing cw32f030_gtim.o(i.GTIM4_DeInit), (36 bytes).
    Removing cw32f030_gtim.o(i.GTIM4_ITRConfig), (44 bytes).
    Removing cw32f030_gtim.o(i.GTIM_ClearITPendingBit), (12 bytes).
    Removing cw32f030_gtim.o(i.GTIM_Cmd), (28 bytes).
    Removing cw32f030_gtim.o(i.GTIM_DMAConfig), (46 bytes).
    Removing cw32f030_gtim.o(i.GTIM_ETRConfig), (46 bytes).
    Removing cw32f030_gtim.o(i.GTIM_EncodeInit), (94 bytes).
    Removing cw32f030_gtim.o(i.GTIM_GetCapture1), (12 bytes).
    Removing cw32f030_gtim.o(i.GTIM_GetCapture2), (12 bytes).
    Removing cw32f030_gtim.o(i.GTIM_GetCapture3), (12 bytes).
    Removing cw32f030_gtim.o(i.GTIM_GetCapture4), (12 bytes).
    Removing cw32f030_gtim.o(i.GTIM_GetITStatus), (24 bytes).
    Removing cw32f030_gtim.o(i.GTIM_ICChannelConfig), (34 bytes).
    Removing cw32f030_gtim.o(i.GTIM_ICInit), (72 bytes).
    Removing cw32f030_gtim.o(i.GTIM_ITConfig), (46 bytes).
    Removing cw32f030_gtim.o(i.GTIM_OCInit), (32 bytes).
    Removing cw32f030_gtim.o(i.GTIM_SetCompare1), (12 bytes).
    Removing cw32f030_gtim.o(i.GTIM_SetCompare2), (12 bytes).
    Removing cw32f030_gtim.o(i.GTIM_SetCompare3), (12 bytes).
    Removing cw32f030_gtim.o(i.GTIM_SetCompare4), (12 bytes).
    Removing cw32f030_gtim.o(i.GTIM_SetCounterValue), (10 bytes).
    Removing cw32f030_gtim.o(i.GTIM_SetPrescaler), (26 bytes).
    Removing cw32f030_gtim.o(i.GTIM_SetReloadValue), (10 bytes).
    Removing cw32f030_gtim.o(i.GTIM_TimeBaseInit), (64 bytes).
    Removing cw32f030_i2c.o(.rev16_text), (4 bytes).
    Removing cw32f030_i2c.o(.revsh_text), (4 bytes).
    Removing cw32f030_i2c.o(i.I2C1_DeInit), (44 bytes).
    Removing cw32f030_i2c.o(i.I2C1_SoftwareResetCmd), (44 bytes).
    Removing cw32f030_i2c.o(i.I2C2_DeInit), (44 bytes).
    Removing cw32f030_i2c.o(i.I2C2_SoftwareResetCmd), (44 bytes).
    Removing cw32f030_i2c.o(i.I2C_AcknowledgeConfig), (26 bytes).
    Removing cw32f030_i2c.o(i.I2C_BaudGeneratorEnable), (26 bytes).
    Removing cw32f030_i2c.o(i.I2C_ClearIrq), (10 bytes).
    Removing cw32f030_i2c.o(i.I2C_Cmd), (26 bytes).
    Removing cw32f030_i2c.o(i.I2C_FilterConfig), (26 bytes).
    Removing cw32f030_i2c.o(i.I2C_GcConfig), (26 bytes).
    Removing cw32f030_i2c.o(i.I2C_GenerateSTART), (72 bytes).
    Removing cw32f030_i2c.o(i.I2C_GenerateSTOP), (26 bytes).
    Removing cw32f030_i2c.o(i.I2C_GetIrq), (12 bytes).
    Removing cw32f030_i2c.o(i.I2C_GetState), (8 bytes).
    Removing cw32f030_i2c.o(i.I2C_MasterReadEepomData), (264 bytes).
    Removing cw32f030_i2c.o(i.I2C_MasterRecDataFromSlave), (220 bytes).
    Removing cw32f030_i2c.o(i.I2C_MasterSendDataToSlave), (166 bytes).
    Removing cw32f030_i2c.o(i.I2C_MasterWriteEepromData), (174 bytes).
    Removing cw32f030_i2c.o(i.I2C_Master_Init), (54 bytes).
    Removing cw32f030_i2c.o(i.I2C_ReceiveData), (8 bytes).
    Removing cw32f030_i2c.o(i.I2C_Send7bitAddress), (18 bytes).
    Removing cw32f030_i2c.o(i.I2C_SendData), (4 bytes).
    Removing cw32f030_i2c.o(i.I2C_SetBaud), (4 bytes).
    Removing cw32f030_i2c.o(i.I2C_SetOwnSlaveAddress0), (22 bytes).
    Removing cw32f030_i2c.o(i.I2C_SetOwnSlaveAddress1), (22 bytes).
    Removing cw32f030_i2c.o(i.I2C_SetOwnSlaveAddress2), (22 bytes).
    Removing cw32f030_i2c.o(i.I2C_SlaveRecDataFromMaster), (118 bytes).
    Removing cw32f030_i2c.o(i.I2C_SlaveSendDataToMaster), (126 bytes).
    Removing cw32f030_i2c.o(i.I2C_Slave_Init), (56 bytes).
    Removing cw32f030_lvd.o(.rev16_text), (4 bytes).
    Removing cw32f030_lvd.o(.revsh_text), (4 bytes).
    Removing cw32f030_lvd.o(i.LVD_ClearIrq), (20 bytes).
    Removing cw32f030_lvd.o(i.LVD_DeInit), (12 bytes).
    Removing cw32f030_lvd.o(i.LVD_Disable), (20 bytes).
    Removing cw32f030_lvd.o(i.LVD_DisableIrq), (40 bytes).
    Removing cw32f030_lvd.o(i.LVD_DisableNvic), (44 bytes).
    Removing cw32f030_lvd.o(i.LVD_Enable), (20 bytes).
    Removing cw32f030_lvd.o(i.LVD_EnableIrq), (32 bytes).
    Removing cw32f030_lvd.o(i.LVD_EnableNvic), (52 bytes).
    Removing cw32f030_lvd.o(i.LVD_GetFilterResult), (16 bytes).
    Removing cw32f030_lvd.o(i.LVD_GetFlagStatus), (24 bytes).
    Removing cw32f030_lvd.o(i.LVD_GetIrqStatus), (16 bytes).
    Removing cw32f030_lvd.o(i.LVD_Init), (68 bytes).
    Removing cw32f030_lvd.o(i.LVD_TrigConfig), (40 bytes).
    Removing cw32f030_lvd.o(i.__NVIC_ClearPendingIRQ), (24 bytes).
    Removing cw32f030_lvd.o(i.__NVIC_SetPriority), (120 bytes).
    Removing cw32f030_pwr.o(.rev16_text), (4 bytes).
    Removing cw32f030_pwr.o(.revsh_text), (4 bytes).
    Removing cw32f030_pwr.o(i.PWR_Config), (32 bytes).
    Removing cw32f030_pwr.o(i.PWR_GotoLpmMode), (4 bytes).
    Removing cw32f030_ram.o(.rev16_text), (4 bytes).
    Removing cw32f030_ram.o(.revsh_text), (4 bytes).
    Removing cw32f030_ram.o(i.RAM_ClearITPendingBit), (16 bytes).
    Removing cw32f030_ram.o(i.RAM_GetErrorAddress), (12 bytes).
    Removing cw32f030_ram.o(i.RAM_GetITStatus), (24 bytes).
    Removing cw32f030_ram.o(i.RAM_ITConfig), (32 bytes).
    Removing cw32f030_rcc.o(.rev16_text), (4 bytes).
    Removing cw32f030_rcc.o(.revsh_text), (4 bytes).
    Removing cw32f030_rcc.o(i.RCC_AHBPeriphReset), (32 bytes).
    Removing cw32f030_rcc.o(i.RCC_APBPeriphClk_Enable1), (32 bytes).
    Removing cw32f030_rcc.o(i.RCC_APBPeriphClk_Enable2), (32 bytes).
    Removing cw32f030_rcc.o(i.RCC_APBPeriphReset1), (32 bytes).
    Removing cw32f030_rcc.o(i.RCC_APBPeriphReset2), (32 bytes).
    Removing cw32f030_rcc.o(i.RCC_ATIMITRSelect), (24 bytes).
    Removing cw32f030_rcc.o(i.RCC_BTIM1ITRSelect), (32 bytes).
    Removing cw32f030_rcc.o(i.RCC_BTIM2ITRSelect), (32 bytes).
    Removing cw32f030_rcc.o(i.RCC_BTIM3ITRSelect), (32 bytes).
    Removing cw32f030_rcc.o(i.RCC_CCS_Config), (48 bytes).
    Removing cw32f030_rcc.o(i.RCC_ClearITPendingBit), (16 bytes).
    Removing cw32f030_rcc.o(i.RCC_ClearRstFlag), (16 bytes).
    Removing cw32f030_rcc.o(i.RCC_DeInit), (132 bytes).
    Removing cw32f030_rcc.o(i.RCC_GTIM1ITRSelect), (28 bytes).
    Removing cw32f030_rcc.o(i.RCC_GTIM2ITRSelect), (32 bytes).
    Removing cw32f030_rcc.o(i.RCC_GTIM3ITRSelect), (32 bytes).
    Removing cw32f030_rcc.o(i.RCC_GTIM4ITRSelect), (32 bytes).
    Removing cw32f030_rcc.o(i.RCC_GetAllRstFlag), (12 bytes).
    Removing cw32f030_rcc.o(i.RCC_GetAllStableFlag), (12 bytes).
    Removing cw32f030_rcc.o(i.RCC_GetITStatus), (24 bytes).
    Removing cw32f030_rcc.o(i.RCC_GetRstFlag), (24 bytes).
    Removing cw32f030_rcc.o(i.RCC_GetStableFlag), (24 bytes).
    Removing cw32f030_rcc.o(i.RCC_HCLKPRS_Config), (32 bytes).
    Removing cw32f030_rcc.o(i.RCC_HCLK_OUT), (72 bytes).
    Removing cw32f030_rcc.o(i.RCC_HSE_Disable), (28 bytes).
    Removing cw32f030_rcc.o(i.RCC_HSE_Enable), (204 bytes).
    Removing cw32f030_rcc.o(i.RCC_HSE_OUT), (68 bytes).
    Removing cw32f030_rcc.o(i.RCC_HSI_Disable), (28 bytes).
    Removing cw32f030_rcc.o(i.RCC_HSI_OUT), (56 bytes).
    Removing cw32f030_rcc.o(i.RCC_ITConfig), (48 bytes).
    Removing cw32f030_rcc.o(i.RCC_LOCKUP_Config), (32 bytes).
    Removing cw32f030_rcc.o(i.RCC_LSELOCK_Config), (28 bytes).
    Removing cw32f030_rcc.o(i.RCC_LSE_Disable), (28 bytes).
    Removing cw32f030_rcc.o(i.RCC_LSE_Enable), (144 bytes).
    Removing cw32f030_rcc.o(i.RCC_LSE_OUT), (68 bytes).
    Removing cw32f030_rcc.o(i.RCC_LSI_Disable), (28 bytes).
    Removing cw32f030_rcc.o(i.RCC_LSI_Enable), (64 bytes).
    Removing cw32f030_rcc.o(i.RCC_LSI_OUT), (68 bytes).
    Removing cw32f030_rcc.o(i.RCC_MCO_OUT), (72 bytes).
    Removing cw32f030_rcc.o(i.RCC_PCLKPRS_Config), (32 bytes).
    Removing cw32f030_rcc.o(i.RCC_PCLK_OUT), (72 bytes).
    Removing cw32f030_rcc.o(i.RCC_PLL_Disable), (28 bytes).
    Removing cw32f030_rcc.o(i.RCC_PLL_OUT), (68 bytes).
    Removing cw32f030_rcc.o(i.RCC_SWDIO_Config), (32 bytes).
    Removing cw32f030_rcc.o(i.RCC_SYSCLKSRC_Config), (48 bytes).
    Removing cw32f030_rcc.o(i.RCC_Sysctrl_GetPClkFreq), (32 bytes).
    Removing cw32f030_rcc.o(i.RCC_WAKEUPCLK_Config), (32 bytes).
    Removing cw32f030_rtc.o(.rev16_text), (4 bytes).
    Removing cw32f030_rtc.o(.revsh_text), (4 bytes).
    Removing cw32f030_rtc.o(i.RTC_AWTCmd), (136 bytes).
    Removing cw32f030_rtc.o(i.RTC_AWTConfig), (140 bytes).
    Removing cw32f030_rtc.o(i.RTC_AlarmCmd), (172 bytes).
    Removing cw32f030_rtc.o(i.RTC_BCDToBin), (24 bytes).
    Removing cw32f030_rtc.o(i.RTC_BinToBCD), (28 bytes).
    Removing cw32f030_rtc.o(i.RTC_CalibrationCmd), (140 bytes).
    Removing cw32f030_rtc.o(i.RTC_CalibrationConfig), (140 bytes).
    Removing cw32f030_rtc.o(i.RTC_ClearITPendingBit), (68 bytes).
    Removing cw32f030_rtc.o(i.RTC_Cmd), (84 bytes).
    Removing cw32f030_rtc.o(i.RTC_DeInit), (124 bytes).
    Removing cw32f030_rtc.o(i.RTC_GetAlarm), (124 bytes).
    Removing cw32f030_rtc.o(i.RTC_GetDate), (60 bytes).
    Removing cw32f030_rtc.o(i.RTC_GetITState), (36 bytes).
    Removing cw32f030_rtc.o(i.RTC_GetTamperDate), (48 bytes).
    Removing cw32f030_rtc.o(i.RTC_GetTamperTime), (72 bytes).
    Removing cw32f030_rtc.o(i.RTC_GetTime), (84 bytes).
    Removing cw32f030_rtc.o(i.RTC_ITConfig), (92 bytes).
    Removing cw32f030_rtc.o(i.RTC_Init), (164 bytes).
    Removing cw32f030_rtc.o(i.RTC_OutputConfig), (136 bytes).
    Removing cw32f030_rtc.o(i.RTC_SetAlarm), (156 bytes).
    Removing cw32f030_rtc.o(i.RTC_SetClockSource), (68 bytes).
    Removing cw32f030_rtc.o(i.RTC_SetDate), (88 bytes).
    Removing cw32f030_rtc.o(i.RTC_SetInterval), (132 bytes).
    Removing cw32f030_rtc.o(i.RTC_SetTime), (160 bytes).
    Removing cw32f030_rtc.o(i.RTC_TamperCmd), (136 bytes).
    Removing cw32f030_rtc.o(i.RTC_TamperTriggerConfig), (136 bytes).
    Removing cw32f030_spi.o(.rev16_text), (4 bytes).
    Removing cw32f030_spi.o(.revsh_text), (4 bytes).
    Removing cw32f030_spi.o(i.SPI1_DeInit), (36 bytes).
    Removing cw32f030_spi.o(i.SPI2_DeInit), (32 bytes).
    Removing cw32f030_spi.o(i.SPI_BiDirectionalLineConfig), (4 bytes).
    Removing cw32f030_spi.o(i.SPI_ClearFlag), (8 bytes).
    Removing cw32f030_spi.o(i.SPI_ClearITPendingBit), (8 bytes).
    Removing cw32f030_spi.o(i.SPI_DMACmd), (20 bytes).
    Removing cw32f030_spi.o(i.SPI_DataSizeConfig), (14 bytes).
    Removing cw32f030_spi.o(i.SPI_FlushSendBuff), (10 bytes).
    Removing cw32f030_spi.o(i.SPI_GetITStatus), (18 bytes).
    Removing cw32f030_spi.o(i.SPI_ITConfig), (20 bytes).
    Removing cw32f030_spi.o(i.SPI_MISOOutputConfig), (24 bytes).
    Removing cw32f030_spi.o(i.SPI_NSSInternalSoftwareConfig), (4 bytes).
    Removing cw32f030_spi.o(i.SPI_ReceiveData), (8 bytes).
    Removing cw32f030_spi.o(i.SPI_StructInit), (28 bytes).
    Removing cw32f030_systick.o(.rev16_text), (4 bytes).
    Removing cw32f030_systick.o(.revsh_text), (4 bytes).
    Removing cw32f030_systick.o(i.GetTick), (12 bytes).
    Removing cw32f030_systick.o(i.InitTick), (108 bytes).
    Removing cw32f030_systick.o(i.ResumeTick), (20 bytes).
    Removing cw32f030_systick.o(i.SuspendTick), (20 bytes).
    Removing cw32f030_systick.o(i.SysTickDelay), (44 bytes).
    Removing cw32f030_systick.o(i.__NVIC_SetPriority), (120 bytes).
    Removing cw32f030_uart.o(.rev16_text), (4 bytes).
    Removing cw32f030_uart.o(.revsh_text), (4 bytes).
    Removing cw32f030_uart.o(i.UART1_DeInit), (36 bytes).
    Removing cw32f030_uart.o(i.UART2_DeInit), (32 bytes).
    Removing cw32f030_uart.o(i.UART3_DeInit), (36 bytes).
    Removing cw32f030_uart.o(i.USART_ClearFlag), (8 bytes).
    Removing cw32f030_uart.o(i.USART_ClearITPendingBit), (8 bytes).
    Removing cw32f030_uart.o(i.USART_ClockInit), (28 bytes).
    Removing cw32f030_uart.o(i.USART_ClockStructInit), (8 bytes).
    Removing cw32f030_uart.o(i.USART_DMACmd), (26 bytes).
    Removing cw32f030_uart.o(i.USART_DirectionModeCmd), (26 bytes).
    Removing cw32f030_uart.o(i.USART_GetFlagStatus), (18 bytes).
    Removing cw32f030_uart.o(i.USART_GetITStatus), (18 bytes).
    Removing cw32f030_uart.o(i.USART_HalfDuplexCmd), (20 bytes).
    Removing cw32f030_uart.o(i.USART_ITConfig), (26 bytes).
    Removing cw32f030_uart.o(i.USART_Init), (372 bytes).
    Removing cw32f030_uart.o(i.USART_InvPinCmd), (26 bytes).
    Removing cw32f030_uart.o(i.USART_ReceiveData), (10 bytes).
    Removing cw32f030_uart.o(i.USART_ReceiveData_8bit), (8 bytes).
    Removing cw32f030_uart.o(i.USART_SendData), (8 bytes).
    Removing cw32f030_uart.o(i.USART_SendData_8bit), (4 bytes).
    Removing cw32f030_uart.o(i.USART_SetMultiMode), (32 bytes).
    Removing cw32f030_uart.o(i.USART_StructInit), (28 bytes).
    Removing cw32f030_vc.o(.rev16_text), (4 bytes).
    Removing cw32f030_vc.o(.revsh_text), (4 bytes).
    Removing cw32f030_vc.o(i.VC1VC2_BlankInit), (12 bytes).
    Removing cw32f030_vc.o(i.VC1VC2_DIVDeInit), (16 bytes).
    Removing cw32f030_vc.o(i.VC1VC2_DIVInit), (92 bytes).
    Removing cw32f030_vc.o(i.VC1VC2_INNInit), (112 bytes).
    Removing cw32f030_vc.o(i.VC1VC2_OutInit), (8 bytes).
    Removing cw32f030_vc.o(i.VC1_BlankCfg), (36 bytes).
    Removing cw32f030_vc.o(i.VC1_ChannelDeInit), (24 bytes).
    Removing cw32f030_vc.o(i.VC1_ChannelInit), (80 bytes).
    Removing cw32f030_vc.o(i.VC1_ClearIrq), (20 bytes).
    Removing cw32f030_vc.o(i.VC1_DisableChannel), (20 bytes).
    Removing cw32f030_vc.o(i.VC1_DisableFilter), (20 bytes).
    Removing cw32f030_vc.o(i.VC1_DisableIrq), (28 bytes).
    Removing cw32f030_vc.o(i.VC1_EnableChannel), (32 bytes).
    Removing cw32f030_vc.o(i.VC1_EnableFilter), (20 bytes).
    Removing cw32f030_vc.o(i.VC1_EnableIrq), (32 bytes).
    Removing cw32f030_vc.o(i.VC1_GetEnableStatus), (16 bytes).
    Removing cw32f030_vc.o(i.VC1_GetFlagStatus), (24 bytes).
    Removing cw32f030_vc.o(i.VC1_ITConfig), (32 bytes).
    Removing cw32f030_vc.o(i.VC1_OutputCfg), (28 bytes).
    Removing cw32f030_vc.o(i.VC1_PolarityCfg), (36 bytes).
    Removing cw32f030_vc.o(i.VC1_WindowEnable), (36 bytes).
    Removing cw32f030_vc.o(i.VC2_BlankCfg), (36 bytes).
    Removing cw32f030_vc.o(i.VC2_ChannelDeInit), (24 bytes).
    Removing cw32f030_vc.o(i.VC2_ChannelInit), (80 bytes).
    Removing cw32f030_vc.o(i.VC2_ClearIrq), (20 bytes).
    Removing cw32f030_vc.o(i.VC2_DisableChannel), (20 bytes).
    Removing cw32f030_vc.o(i.VC2_DisableFilter), (20 bytes).
    Removing cw32f030_vc.o(i.VC2_DisableIrq), (28 bytes).
    Removing cw32f030_vc.o(i.VC2_EnableChannel), (32 bytes).
    Removing cw32f030_vc.o(i.VC2_EnableFilter), (20 bytes).
    Removing cw32f030_vc.o(i.VC2_EnableIrq), (32 bytes).
    Removing cw32f030_vc.o(i.VC2_GetEnableStatus), (16 bytes).
    Removing cw32f030_vc.o(i.VC2_GetFlagStatus), (24 bytes).
    Removing cw32f030_vc.o(i.VC2_ITConfig), (40 bytes).
    Removing cw32f030_vc.o(i.VC2_OutputCfg), (28 bytes).
    Removing cw32f030_vc.o(i.VC2_PolarityCfg), (36 bytes).
    Removing cw32f030_vc.o(i.VC2_WindowEnable), (36 bytes).
    Removing cw32f030_vc.o(i.VC_DeInit), (40 bytes).
    Removing cw32f030_vc.o(i.VC_DisableNvic), (44 bytes).
    Removing cw32f030_vc.o(i.VC_EnableNvic), (60 bytes).
    Removing cw32f030_vc.o(i.__NVIC_ClearPendingIRQ), (24 bytes).
    Removing cw32f030_vc.o(i.__NVIC_SetPriority), (120 bytes).
    Removing cw32f030_wwdt.o(.rev16_text), (4 bytes).
    Removing cw32f030_wwdt.o(.revsh_text), (4 bytes).
    Removing cw32f030_wwdt.o(i.WWDT_ClearFlag), (20 bytes).
    Removing cw32f030_wwdt.o(i.WWDT_Cmd), (20 bytes).
    Removing cw32f030_wwdt.o(i.WWDT_DeInit), (32 bytes).
    Removing cw32f030_wwdt.o(i.WWDT_EnableIT), (24 bytes).
    Removing cw32f030_wwdt.o(i.WWDT_GetCounterValue), (16 bytes).
    Removing cw32f030_wwdt.o(i.WWDT_GetFlagStatus), (12 bytes).
    Removing cw32f030_wwdt.o(i.WWDT_GetWindowValue), (16 bytes).
    Removing cw32f030_wwdt.o(i.WWDT_Init), (76 bytes).
    Removing cw32f030_wwdt.o(i.WWDT_Refresh), (24 bytes).
    Removing cw32f030_wwdt.o(i.WWDT_SetPrescaler), (24 bytes).
    Removing cw32f030_wwdt.o(i.WWDT_SetWindowValue), (24 bytes).
    Removing interrupts_cw32f030.o(.rev16_text), (4 bytes).
    Removing interrupts_cw32f030.o(.revsh_text), (4 bytes).
    Removing main.o(.rev16_text), (4 bytes).
    Removing main.o(.revsh_text), (4 bytes).
    Removing fadd.o(.text), (178 bytes).
    Removing fmul.o(.text), (122 bytes).
    Removing fdiv.o(.text), (124 bytes).
    Removing dadd.o(.text), (360 bytes).
    Removing fflti.o(.text), (22 bytes).
    Removing ffltui.o(.text), (14 bytes).
    Removing ffixui.o(.text), (40 bytes).
    Removing dfixui.o(.text), (60 bytes).
    Removing f2d.o(.text), (40 bytes).
    Removing fepilogue.o(.text), (130 bytes).
    Removing depilogue.o(.text), (190 bytes).
    Removing depilogue.o(i.__ARM_clz), (46 bytes).

495 unused section(s) (total 20010 bytes) removed from the image.

==============================================================================

Image Symbol Table

    Local Symbols

    Symbol Name                              Value     Ov Type        Size  Object(Section)

    RESET                                    0x00000000   Section      192  startup_cw32f030.o(RESET)
    ../clib/../cmprslib/zerorunl2.c          0x00000000   Number         0  __dczerorl2.o ABSOLUTE
    ../clib/microlib/division.c              0x00000000   Number         0  uldiv.o ABSOLUTE
    ../clib/microlib/division.c              0x00000000   Number         0  uidiv.o ABSOLUTE
    ../clib/microlib/division.c              0x00000000   Number         0  ldiv.o ABSOLUTE
    ../clib/microlib/init/entry.s            0x00000000   Number         0  entry12a.o ABSOLUTE
    ../clib/microlib/init/entry.s            0x00000000   Number         0  entry9b.o ABSOLUTE
    ../clib/microlib/init/entry.s            0x00000000   Number         0  entry7a.o ABSOLUTE
    ../clib/microlib/init/entry.s            0x00000000   Number         0  entry9a.o ABSOLUTE
    ../clib/microlib/init/entry.s            0x00000000   Number         0  entry7b.o ABSOLUTE
    ../clib/microlib/init/entry.s            0x00000000   Number         0  entry8b.o ABSOLUTE
    ../clib/microlib/init/entry.s            0x00000000   Number         0  entry2.o ABSOLUTE
    ../clib/microlib/init/entry.s            0x00000000   Number         0  entry.o ABSOLUTE
    ../clib/microlib/init/entry.s            0x00000000   Number         0  entry12b.o ABSOLUTE
    ../clib/microlib/init/entry.s            0x00000000   Number         0  entry11b.o ABSOLUTE
    ../clib/microlib/init/entry.s            0x00000000   Number         0  entry10b.o ABSOLUTE
    ../clib/microlib/init/entry.s            0x00000000   Number         0  entry11a.o ABSOLUTE
    ../clib/microlib/init/entry.s            0x00000000   Number         0  entry5.o ABSOLUTE
    ../clib/microlib/init/entry.s            0x00000000   Number         0  entry10a.o ABSOLUTE
    ../clib/microlib/init/entry.s            0x00000000   Number         0  entry8a.o ABSOLUTE
    ../clib/microlib/longlong.c              0x00000000   Number         0  llsshr.o ABSOLUTE
    ../clib/microlib/longlong.c              0x00000000   Number         0  llushr.o ABSOLUTE
    ../clib/microlib/longlong.c              0x00000000   Number         0  llshl.o ABSOLUTE
    ../clib/microlib/string/memcpy.c         0x00000000   Number         0  memcpyb.o ABSOLUTE
    ../clib/microlib/string/memcpy.c         0x00000000   Number         0  memcpya.o ABSOLUTE
    ../clib/microlib/stubs.s                 0x00000000   Number         0  iusefp.o ABSOLUTE
    ../fplib/microlib/f2d.c                  0x00000000   Number         0  f2d.o ABSOLUTE
    ../fplib/microlib/fpadd.c                0x00000000   Number         0  dadd.o ABSOLUTE
    ../fplib/microlib/fpadd.c                0x00000000   Number         0  fadd.o ABSOLUTE
    ../fplib/microlib/fpdiv.c                0x00000000   Number         0  fdiv.o ABSOLUTE
    ../fplib/microlib/fpepilogue.c           0x00000000   Number         0  depilogue.o ABSOLUTE
    ../fplib/microlib/fpepilogue.c           0x00000000   Number         0  fepilogue.o ABSOLUTE
    ../fplib/microlib/fpfix.c                0x00000000   Number         0  dfixui.o ABSOLUTE
    ../fplib/microlib/fpfix.c                0x00000000   Number         0  ffixui.o ABSOLUTE
    ../fplib/microlib/fpflt.c                0x00000000   Number         0  ffltui.o ABSOLUTE
    ../fplib/microlib/fpflt.c                0x00000000   Number         0  fflti.o ABSOLUTE
    ../fplib/microlib/fpmul.c                0x00000000   Number         0  fmul.o ABSOLUTE
    Libraries\\src\\cw32f030_adc.c           0x00000000   Number         0  cw32f030_adc.o ABSOLUTE
    Libraries\\src\\cw32f030_atim.c          0x00000000   Number         0  cw32f030_atim.o ABSOLUTE
    Libraries\\src\\cw32f030_awt.c           0x00000000   Number         0  cw32f030_awt.o ABSOLUTE
    Libraries\\src\\cw32f030_btim.c          0x00000000   Number         0  cw32f030_btim.o ABSOLUTE
    Libraries\\src\\cw32f030_crc.c           0x00000000   Number         0  cw32f030_crc.o ABSOLUTE
    Libraries\\src\\cw32f030_debug.c         0x00000000   Number         0  cw32f030_debug.o ABSOLUTE
    Libraries\\src\\cw32f030_digitalsign.c   0x00000000   Number         0  cw32f030_digitalsign.o ABSOLUTE
    Libraries\\src\\cw32f030_dma.c           0x00000000   Number         0  cw32f030_dma.o ABSOLUTE
    Libraries\\src\\cw32f030_flash.c         0x00000000   Number         0  cw32f030_flash.o ABSOLUTE
    Libraries\\src\\cw32f030_gpio.c          0x00000000   Number         0  cw32f030_gpio.o ABSOLUTE
    Libraries\\src\\cw32f030_gtim.c          0x00000000   Number         0  cw32f030_gtim.o ABSOLUTE
    Libraries\\src\\cw32f030_i2c.c           0x00000000   Number         0  cw32f030_i2c.o ABSOLUTE
    Libraries\\src\\cw32f030_lvd.c           0x00000000   Number         0  cw32f030_lvd.o ABSOLUTE
    Libraries\\src\\cw32f030_pwr.c           0x00000000   Number         0  cw32f030_pwr.o ABSOLUTE
    Libraries\\src\\cw32f030_ram.c           0x00000000   Number         0  cw32f030_ram.o ABSOLUTE
    Libraries\\src\\cw32f030_rcc.c           0x00000000   Number         0  cw32f030_rcc.o ABSOLUTE
    Libraries\\src\\cw32f030_rtc.c           0x00000000   Number         0  cw32f030_rtc.o ABSOLUTE
    Libraries\\src\\cw32f030_spi.c           0x00000000   Number         0  cw32f030_spi.o ABSOLUTE
    Libraries\\src\\cw32f030_systick.c       0x00000000   Number         0  cw32f030_systick.o ABSOLUTE
    Libraries\\src\\cw32f030_uart.c          0x00000000   Number         0  cw32f030_uart.o ABSOLUTE
    Libraries\\src\\cw32f030_vc.c            0x00000000   Number         0  cw32f030_vc.o ABSOLUTE
    Libraries\\src\\cw32f030_wwdt.c          0x00000000   Number         0  cw32f030_wwdt.o ABSOLUTE
    Libraries\\src\\system_cw32f030.c        0x00000000   Number         0  system_cw32f030.o ABSOLUTE
    Libraries\src\cw32f030_adc.c             0x00000000   Number         0  cw32f030_adc.o ABSOLUTE
    Libraries\src\cw32f030_atim.c            0x00000000   Number         0  cw32f030_atim.o ABSOLUTE
    Libraries\src\cw32f030_awt.c             0x00000000   Number         0  cw32f030_awt.o ABSOLUTE
    Libraries\src\cw32f030_btim.c            0x00000000   Number         0  cw32f030_btim.o ABSOLUTE
    Libraries\src\cw32f030_crc.c             0x00000000   Number         0  cw32f030_crc.o ABSOLUTE
    Libraries\src\cw32f030_debug.c           0x00000000   Number         0  cw32f030_debug.o ABSOLUTE
    Libraries\src\cw32f030_digitalsign.c     0x00000000   Number         0  cw32f030_digitalsign.o ABSOLUTE
    Libraries\src\cw32f030_dma.c             0x00000000   Number         0  cw32f030_dma.o ABSOLUTE
    Libraries\src\cw32f030_flash.c           0x00000000   Number         0  cw32f030_flash.o ABSOLUTE
    Libraries\src\cw32f030_gpio.c            0x00000000   Number         0  cw32f030_gpio.o ABSOLUTE
    Libraries\src\cw32f030_gtim.c            0x00000000   Number         0  cw32f030_gtim.o ABSOLUTE
    Libraries\src\cw32f030_i2c.c             0x00000000   Number         0  cw32f030_i2c.o ABSOLUTE
    Libraries\src\cw32f030_lvd.c             0x00000000   Number         0  cw32f030_lvd.o ABSOLUTE
    Libraries\src\cw32f030_pwr.c             0x00000000   Number         0  cw32f030_pwr.o ABSOLUTE
    Libraries\src\cw32f030_ram.c             0x00000000   Number         0  cw32f030_ram.o ABSOLUTE
    Libraries\src\cw32f030_rcc.c             0x00000000   Number         0  cw32f030_rcc.o ABSOLUTE
    Libraries\src\cw32f030_rtc.c             0x00000000   Number         0  cw32f030_rtc.o ABSOLUTE
    Libraries\src\cw32f030_spi.c             0x00000000   Number         0  cw32f030_spi.o ABSOLUTE
    Libraries\src\cw32f030_systick.c         0x00000000   Number         0  cw32f030_systick.o ABSOLUTE
    Libraries\src\cw32f030_uart.c            0x00000000   Number         0  cw32f030_uart.o ABSOLUTE
    Libraries\src\cw32f030_vc.c              0x00000000   Number         0  cw32f030_vc.o ABSOLUTE
    Libraries\src\cw32f030_wwdt.c            0x00000000   Number         0  cw32f030_wwdt.o ABSOLUTE
    Libraries\src\system_cw32f030.c          0x00000000   Number         0  system_cw32f030.o ABSOLUTE
    Libraries\startup_cw32f030.s             0x00000000   Number         0  startup_cw32f030.o ABSOLUTE
    User\\src\\interrupts_cw32f030.c         0x00000000   Number         0  interrupts_cw32f030.o ABSOLUTE
    User\\src\\main.c                        0x00000000   Number         0  main.o ABSOLUTE
    User\src\interrupts_cw32f030.c           0x00000000   Number         0  interrupts_cw32f030.o ABSOLUTE
    User\src\main.c                          0x00000000   Number         0  main.o ABSOLUTE
    dc.s                                     0x00000000   Number         0  dc.o ABSOLUTE
    handlers.s                               0x00000000   Number         0  handlers.o ABSOLUTE
    init.s                                   0x00000000   Number         0  init.o ABSOLUTE
    .ARM.Collect$$$$00000000                 0x000000c0   Section        0  entry.o(.ARM.Collect$$$$00000000)
    .ARM.Collect$$$$00000001                 0x000000c0   Section        4  entry2.o(.ARM.Collect$$$$00000001)
    .ARM.Collect$$$$00000004                 0x000000c4   Section        4  entry5.o(.ARM.Collect$$$$00000004)
    .ARM.Collect$$$$00000008                 0x000000c8   Section        0  entry7b.o(.ARM.Collect$$$$00000008)
    .ARM.Collect$$$$0000000A                 0x000000c8   Section        0  entry8b.o(.ARM.Collect$$$$0000000A)
    .ARM.Collect$$$$0000000B                 0x000000c8   Section        8  entry9a.o(.ARM.Collect$$$$0000000B)
    .ARM.Collect$$$$0000000E                 0x000000d0   Section        4  entry12b.o(.ARM.Collect$$$$0000000E)
    .ARM.Collect$$$$0000000F                 0x000000d4   Section        0  entry10a.o(.ARM.Collect$$$$0000000F)
    .ARM.Collect$$$$00000011                 0x000000d4   Section        0  entry11a.o(.ARM.Collect$$$$00000011)
    .ARM.Collect$$$$00002712                 0x000000d4   Section        4  entry2.o(.ARM.Collect$$$$00002712)
    __lit__00000000                          0x000000d4   Data           4  entry2.o(.ARM.Collect$$$$00002712)
    .text                                    0x000000d8   Section       28  startup_cw32f030.o(.text)
    .text                                    0x000000f4   Section        0  uidiv.o(.text)
    .text                                    0x00000120   Section        0  memcpya.o(.text)
    .text                                    0x00000144   Section       36  init.o(.text)
    .text                                    0x00000168   Section        0  __dczerorl2.o(.text)
    i.ADC_IRQHandler                         0x000001be   Section        0  interrupts_cw32f030.o(i.ADC_IRQHandler)
    i.ATIM_IRQHandler                        0x000001c0   Section        0  interrupts_cw32f030.o(i.ATIM_IRQHandler)
    i.AWT_IRQHandler                         0x000001c2   Section        0  interrupts_cw32f030.o(i.AWT_IRQHandler)
    i.BTIM1_IRQHandler                       0x000001c4   Section        0  interrupts_cw32f030.o(i.BTIM1_IRQHandler)
    i.BTIM2_IRQHandler                       0x000001c6   Section        0  interrupts_cw32f030.o(i.BTIM2_IRQHandler)
    i.BTIM3_IRQHandler                       0x000001c8   Section        0  interrupts_cw32f030.o(i.BTIM3_IRQHandler)
    i.DMACH1_IRQHandler                      0x000001ca   Section        0  interrupts_cw32f030.o(i.DMACH1_IRQHandler)
    i.DMACH23_IRQHandler                     0x000001cc   Section        0  interrupts_cw32f030.o(i.DMACH23_IRQHandler)
    i.DMACH45_IRQHandler                     0x000001ce   Section        0  interrupts_cw32f030.o(i.DMACH45_IRQHandler)
    i.DMA_Cmd                                0x000001d0   Section        0  cw32f030_dma.o(i.DMA_Cmd)
    i.DMA_Init                               0x000001e8   Section        0  cw32f030_dma.o(i.DMA_Init)
    i.FAULT_IRQHandler                       0x00000224   Section        0  interrupts_cw32f030.o(i.FAULT_IRQHandler)
    i.FLASHRAM_IRQHandler                    0x00000226   Section        0  interrupts_cw32f030.o(i.FLASHRAM_IRQHandler)
    i.FLASH_SetLatency                       0x00000228   Section        0  cw32f030_flash.o(i.FLASH_SetLatency)
    i.GPIOA_IRQHandler                       0x00000260   Section        0  interrupts_cw32f030.o(i.GPIOA_IRQHandler)
    i.GPIOB_IRQHandler                       0x00000262   Section        0  interrupts_cw32f030.o(i.GPIOB_IRQHandler)
    i.GPIOC_IRQHandler                       0x00000264   Section        0  interrupts_cw32f030.o(i.GPIOC_IRQHandler)
    i.GPIOF_IRQHandler                       0x00000266   Section        0  interrupts_cw32f030.o(i.GPIOF_IRQHandler)
    i.GPIO_Init                              0x00000268   Section        0  cw32f030_gpio.o(i.GPIO_Init)
    i.GTIM1_IRQHandler                       0x00000368   Section        0  interrupts_cw32f030.o(i.GTIM1_IRQHandler)
    i.GTIM2_IRQHandler                       0x0000036a   Section        0  interrupts_cw32f030.o(i.GTIM2_IRQHandler)
    i.GTIM3_IRQHandler                       0x0000036c   Section        0  interrupts_cw32f030.o(i.GTIM3_IRQHandler)
    i.GTIM4_IRQHandler                       0x0000036e   Section        0  interrupts_cw32f030.o(i.GTIM4_IRQHandler)
    i.HardFault_Handler                      0x00000370   Section        0  interrupts_cw32f030.o(i.HardFault_Handler)
    i.I2C1_IRQHandler                        0x00000374   Section        0  interrupts_cw32f030.o(i.I2C1_IRQHandler)
    i.I2C2_IRQHandler                        0x00000376   Section        0  interrupts_cw32f030.o(i.I2C2_IRQHandler)
    i.LVD_IRQHandler                         0x00000378   Section        0  interrupts_cw32f030.o(i.LVD_IRQHandler)
    i.NMI_Handler                            0x0000037a   Section        0  interrupts_cw32f030.o(i.NMI_Handler)
    i.PendSV_Handler                         0x0000037c   Section        0  interrupts_cw32f030.o(i.PendSV_Handler)
    i.RCC_AHBPeriphClk_Enable                0x00000380   Section        0  cw32f030_rcc.o(i.RCC_AHBPeriphClk_Enable)
    i.RCC_HSI_Enable                         0x000003a0   Section        0  cw32f030_rcc.o(i.RCC_HSI_Enable)
    i.RCC_IRQHandler                         0x000003d4   Section        0  interrupts_cw32f030.o(i.RCC_IRQHandler)
    i.RCC_PLL_Enable                         0x000003d8   Section        0  cw32f030_rcc.o(i.RCC_PLL_Enable)
    i.RCC_SysClk_Switch                      0x0000048c   Section        0  cw32f030_rcc.o(i.RCC_SysClk_Switch)
    i.RCC_Sysctrl_GetHClkFreq                0x000004cc   Section        0  cw32f030_rcc.o(i.RCC_Sysctrl_GetHClkFreq)
    i.RCC_SystemCoreClockUpdate              0x000005a4   Section        0  cw32f030_rcc.o(i.RCC_SystemCoreClockUpdate)
    i.RTC_IRQHandler                         0x000005b0   Section        0  interrupts_cw32f030.o(i.RTC_IRQHandler)
    i.SPI1_IRQHandler                        0x000005b2   Section        0  interrupts_cw32f030.o(i.SPI1_IRQHandler)
    i.SPI2_IRQHandler                        0x000005b4   Section        0  interrupts_cw32f030.o(i.SPI2_IRQHandler)
    i.SPI_Cmd                                0x000005b6   Section        0  cw32f030_spi.o(i.SPI_Cmd)
    i.SPI_GetFlagStatus                      0x000005ca   Section        0  cw32f030_spi.o(i.SPI_GetFlagStatus)
    i.SPI_Init                               0x000005dc   Section        0  cw32f030_spi.o(i.SPI_Init)
    i.SPI_SendData                           0x00000610   Section        0  cw32f030_spi.o(i.SPI_SendData)
    i.SVC_Handler                            0x00000614   Section        0  interrupts_cw32f030.o(i.SVC_Handler)
    i.SysTick_Handler                        0x00000618   Section        0  cw32f030_systick.o(i.SysTick_Handler)
    i.SystemCoreClockUpdate                  0x00000630   Section        0  system_cw32f030.o(i.SystemCoreClockUpdate)
    i.SystemInit                             0x00000640   Section        0  system_cw32f030.o(i.SystemInit)
    i.UART1_IRQHandler                       0x0000067c   Section        0  interrupts_cw32f030.o(i.UART1_IRQHandler)
    i.UART2_IRQHandler                       0x0000067e   Section        0  interrupts_cw32f030.o(i.UART2_IRQHandler)
    i.UART3_IRQHandler                       0x00000680   Section        0  interrupts_cw32f030.o(i.UART3_IRQHandler)
    i.VC1_IRQHandler                         0x00000682   Section        0  interrupts_cw32f030.o(i.VC1_IRQHandler)
    i.VC2_IRQHandler                         0x00000684   Section        0  interrupts_cw32f030.o(i.VC2_IRQHandler)
    i.WDT_IRQHandler                         0x00000686   Section        0  interrupts_cw32f030.o(i.WDT_IRQHandler)
    i.__ARM_common_switch8                   0x00000688   Section        0  cw32f030_i2c.o(i.__ARM_common_switch8)
    i.__scatterload_copy                     0x000006a4   Section       14  handlers.o(i.__scatterload_copy)
    i.__scatterload_null                     0x000006b2   Section        2  handlers.o(i.__scatterload_null)
    i.__scatterload_zeroinit                 0x000006b4   Section       14  handlers.o(i.__scatterload_zeroinit)
    i.main                                   0x000006c4   Section        0  main.o(i.main)
    .constdata                               0x00000854   Section      100  cw32f030_rcc.o(.constdata)
    .data                                    0x20000000   Section        4  system_cw32f030.o(.data)
    .data                                    0x20000004   Section        9  cw32f030_systick.o(.data)
    .data                                    0x2000000d   Section     1024  main.o(.data)
    STACK                                    0x20000410   Section      512  startup_cw32f030.o(STACK)

    Global Symbols

    Symbol Name                              Value     Ov Type        Size  Object(Section)

    BuildAttributes$$THM_ISAv3M$S$PE$A:L22$X:L11$S22$IEEE1$IW$USESV6$~STKCKD$USESV7$~SHL$OTIME$ROPI$EBA8$MICROLIB$REQ8$PRES8$EABIv2 0x00000000   Number         0  anon$$obj.o ABSOLUTE
    __ARM_use_no_argv                        0x00000000   Number         0  main.o ABSOLUTE
    __Vectors                                0x00000000   Data           0  startup_cw32f030.o(RESET)
    __arm_fini_                               - Undefined Weak Reference
    __cpp_initialize__aeabi_                  - Undefined Weak Reference
    __cxa_finalize                            - Undefined Weak Reference
    _clock_init                               - Undefined Weak Reference
    _microlib_exit                            - Undefined Weak Reference
    __Vectors_End                            0x000000c0   Data           0  startup_cw32f030.o(RESET)
    __Vectors_Size                           0x000000c0   Number         0  startup_cw32f030.o ABSOLUTE
    __main                                   0x000000c1   Thumb Code     0  entry.o(.ARM.Collect$$$$00000000)
    _main_stk                                0x000000c1   Thumb Code     0  entry2.o(.ARM.Collect$$$$00000001)
    _main_scatterload                        0x000000c5   Thumb Code     0  entry5.o(.ARM.Collect$$$$00000004)
    __main_after_scatterload                 0x000000c9   Thumb Code     0  entry5.o(.ARM.Collect$$$$00000004)
    _main_clock                              0x000000c9   Thumb Code     0  entry7b.o(.ARM.Collect$$$$00000008)
    _main_cpp_init                           0x000000c9   Thumb Code     0  entry8b.o(.ARM.Collect$$$$0000000A)
    _main_init                               0x000000c9   Thumb Code     0  entry9a.o(.ARM.Collect$$$$0000000B)
    __rt_lib_shutdown_fini                   0x000000d1   Thumb Code     0  entry12b.o(.ARM.Collect$$$$0000000E)
    __rt_final_cpp                           0x000000d5   Thumb Code     0  entry10a.o(.ARM.Collect$$$$0000000F)
    __rt_final_exit                          0x000000d5   Thumb Code     0  entry11a.o(.ARM.Collect$$$$00000011)
    Reset_Handler                            0x000000d9   Thumb Code     8  startup_cw32f030.o(.text)
    __aeabi_uidiv                            0x000000f5   Thumb Code     0  uidiv.o(.text)
    __aeabi_uidivmod                         0x000000f5   Thumb Code    44  uidiv.o(.text)
    __aeabi_memcpy                           0x00000121   Thumb Code    36  memcpya.o(.text)
    __aeabi_memcpy4                          0x00000121   Thumb Code     0  memcpya.o(.text)
    __aeabi_memcpy8                          0x00000121   Thumb Code     0  memcpya.o(.text)
    __scatterload                            0x00000145   Thumb Code    28  init.o(.text)
    __scatterload_rt2                        0x00000145   Thumb Code     0  init.o(.text)
    __decompress                             0x00000169   Thumb Code     0  __dczerorl2.o(.text)
    __decompress1                            0x00000169   Thumb Code    86  __dczerorl2.o(.text)
    ADC_IRQHandler                           0x000001bf   Thumb Code     2  interrupts_cw32f030.o(i.ADC_IRQHandler)
    ATIM_IRQHandler                          0x000001c1   Thumb Code     2  interrupts_cw32f030.o(i.ATIM_IRQHandler)
    AWT_IRQHandler                           0x000001c3   Thumb Code     2  interrupts_cw32f030.o(i.AWT_IRQHandler)
    BTIM1_IRQHandler                         0x000001c5   Thumb Code     2  interrupts_cw32f030.o(i.BTIM1_IRQHandler)
    BTIM2_IRQHandler                         0x000001c7   Thumb Code     2  interrupts_cw32f030.o(i.BTIM2_IRQHandler)
    BTIM3_IRQHandler                         0x000001c9   Thumb Code     2  interrupts_cw32f030.o(i.BTIM3_IRQHandler)
    DMACH1_IRQHandler                        0x000001cb   Thumb Code     2  interrupts_cw32f030.o(i.DMACH1_IRQHandler)
    DMACH23_IRQHandler                       0x000001cd   Thumb Code     2  interrupts_cw32f030.o(i.DMACH23_IRQHandler)
    DMACH45_IRQHandler                       0x000001cf   Thumb Code     2  interrupts_cw32f030.o(i.DMACH45_IRQHandler)
    DMA_Cmd                                  0x000001d1   Thumb Code    24  cw32f030_dma.o(i.DMA_Cmd)
    DMA_Init                                 0x000001e9   Thumb Code    60  cw32f030_dma.o(i.DMA_Init)
    FAULT_IRQHandler                         0x00000225   Thumb Code     2  interrupts_cw32f030.o(i.FAULT_IRQHandler)
    FLASHRAM_IRQHandler                      0x00000227   Thumb Code     2  interrupts_cw32f030.o(i.FLASHRAM_IRQHandler)
    FLASH_SetLatency                         0x00000229   Thumb Code    42  cw32f030_flash.o(i.FLASH_SetLatency)
    GPIOA_IRQHandler                         0x00000261   Thumb Code     2  interrupts_cw32f030.o(i.GPIOA_IRQHandler)
    GPIOB_IRQHandler                         0x00000263   Thumb Code     2  interrupts_cw32f030.o(i.GPIOB_IRQHandler)
    GPIOC_IRQHandler                         0x00000265   Thumb Code     2  interrupts_cw32f030.o(i.GPIOC_IRQHandler)
    GPIOF_IRQHandler                         0x00000267   Thumb Code     2  interrupts_cw32f030.o(i.GPIOF_IRQHandler)
    GPIO_Init                                0x00000269   Thumb Code   252  cw32f030_gpio.o(i.GPIO_Init)
    GTIM1_IRQHandler                         0x00000369   Thumb Code     2  interrupts_cw32f030.o(i.GTIM1_IRQHandler)
    GTIM2_IRQHandler                         0x0000036b   Thumb Code     2  interrupts_cw32f030.o(i.GTIM2_IRQHandler)
    GTIM3_IRQHandler                         0x0000036d   Thumb Code     2  interrupts_cw32f030.o(i.GTIM3_IRQHandler)
    GTIM4_IRQHandler                         0x0000036f   Thumb Code     2  interrupts_cw32f030.o(i.GTIM4_IRQHandler)
    HardFault_Handler                        0x00000371   Thumb Code     4  interrupts_cw32f030.o(i.HardFault_Handler)
    I2C1_IRQHandler                          0x00000375   Thumb Code     2  interrupts_cw32f030.o(i.I2C1_IRQHandler)
    I2C2_IRQHandler                          0x00000377   Thumb Code     2  interrupts_cw32f030.o(i.I2C2_IRQHandler)
    LVD_IRQHandler                           0x00000379   Thumb Code     2  interrupts_cw32f030.o(i.LVD_IRQHandler)
    NMI_Handler                              0x0000037b   Thumb Code     2  interrupts_cw32f030.o(i.NMI_Handler)
    PendSV_Handler                           0x0000037d   Thumb Code     2  interrupts_cw32f030.o(i.PendSV_Handler)
    RCC_AHBPeriphClk_Enable                  0x00000381   Thumb Code    28  cw32f030_rcc.o(i.RCC_AHBPeriphClk_Enable)
    RCC_HSI_Enable                           0x000003a1   Thumb Code    44  cw32f030_rcc.o(i.RCC_HSI_Enable)
    RCC_IRQHandler                           0x000003d5   Thumb Code     2  interrupts_cw32f030.o(i.RCC_IRQHandler)
    RCC_PLL_Enable                           0x000003d9   Thumb Code   168  cw32f030_rcc.o(i.RCC_PLL_Enable)
    RCC_SysClk_Switch                        0x0000048d   Thumb Code    54  cw32f030_rcc.o(i.RCC_SysClk_Switch)
    RCC_Sysctrl_GetHClkFreq                  0x000004cd   Thumb Code   194  cw32f030_rcc.o(i.RCC_Sysctrl_GetHClkFreq)
    RCC_SystemCoreClockUpdate                0x000005a5   Thumb Code     6  cw32f030_rcc.o(i.RCC_SystemCoreClockUpdate)
    RTC_IRQHandler                           0x000005b1   Thumb Code     2  interrupts_cw32f030.o(i.RTC_IRQHandler)
    SPI1_IRQHandler                          0x000005b3   Thumb Code     2  interrupts_cw32f030.o(i.SPI1_IRQHandler)
    SPI2_IRQHandler                          0x000005b5   Thumb Code     2  interrupts_cw32f030.o(i.SPI2_IRQHandler)
    SPI_Cmd                                  0x000005b7   Thumb Code    20  cw32f030_spi.o(i.SPI_Cmd)
    SPI_GetFlagStatus                        0x000005cb   Thumb Code    18  cw32f030_spi.o(i.SPI_GetFlagStatus)
    SPI_Init                                 0x000005dd   Thumb Code    48  cw32f030_spi.o(i.SPI_Init)
    SPI_SendData                             0x00000611   Thumb Code     4  cw32f030_spi.o(i.SPI_SendData)
    SVC_Handler                              0x00000615   Thumb Code     2  interrupts_cw32f030.o(i.SVC_Handler)
    SysTick_Handler                          0x00000619   Thumb Code    16  cw32f030_systick.o(i.SysTick_Handler)
    SystemCoreClockUpdate                    0x00000631   Thumb Code     8  system_cw32f030.o(i.SystemCoreClockUpdate)
    SystemInit                               0x00000641   Thumb Code    54  system_cw32f030.o(i.SystemInit)
    UART1_IRQHandler                         0x0000067d   Thumb Code     2  interrupts_cw32f030.o(i.UART1_IRQHandler)
    UART2_IRQHandler                         0x0000067f   Thumb Code     2  interrupts_cw32f030.o(i.UART2_IRQHandler)
    UART3_IRQHandler                         0x00000681   Thumb Code     2  interrupts_cw32f030.o(i.UART3_IRQHandler)
    VC1_IRQHandler                           0x00000683   Thumb Code     2  interrupts_cw32f030.o(i.VC1_IRQHandler)
    VC2_IRQHandler                           0x00000685   Thumb Code     2  interrupts_cw32f030.o(i.VC2_IRQHandler)
    WDT_IRQHandler                           0x00000687   Thumb Code     2  interrupts_cw32f030.o(i.WDT_IRQHandler)
    __ARM_common_switch8                     0x00000689   Thumb Code    28  cw32f030_i2c.o(i.__ARM_common_switch8)
    __scatterload_copy                       0x000006a5   Thumb Code    14  handlers.o(i.__scatterload_copy)
    __scatterload_null                       0x000006b3   Thumb Code     2  handlers.o(i.__scatterload_null)
    __scatterload_zeroinit                   0x000006b5   Thumb Code    14  handlers.o(i.__scatterload_zeroinit)
    main                                     0x000006c5   Thumb Code   372  main.o(i.main)
    hsiprs_tbl                               0x00000854   Data          64  cw32f030_rcc.o(.constdata)
    Region$$Table$$Base                      0x000008b8   Number         0  anon$$obj.o(Region$$Table)
    Region$$Table$$Limit                     0x000008d8   Number         0  anon$$obj.o(Region$$Table)
    SystemCoreClock                          0x20000000   Data           4  system_cw32f030.o(.data)
    uwTick                                   0x20000004   Data           4  cw32f030_systick.o(.data)
    uwTickPrio                               0x20000008   Data           4  cw32f030_systick.o(.data)
    uwTickFreq                               0x2000000c   Data           1  cw32f030_systick.o(.data)
    spi_buffer                               0x2000000d   Data        1024  main.o(.data)
    __initial_sp                             0x20000610   Data           0  startup_cw32f030.o(STACK)



==============================================================================

Memory Map of the image

  Image Entry point : 0x000000c1

  Load Region LR_IROM1 (Base: 0x00000000, Size: 0x00000ce8, Max: 0x00010000, ABSOLUTE, COMPRESSED[0x000008f4])

    Execution Region ER_IROM1 (Exec base: 0x00000000, Load base: 0x00000000, Size: 0x000008d8, Max: 0x00010000, ABSOLUTE)

    Exec Addr    Load Addr    Size         Type   Attr      Idx    E Section Name        Object

    0x00000000   0x00000000   0x000000c0   Data   RO          105    RESET               startup_cw32f030.o
    0x000000c0   0x000000c0   0x00000000   Code   RO         3444  * .ARM.Collect$$$$00000000  mc_p.l(entry.o)
    0x000000c0   0x000000c0   0x00000004   Code   RO         3473    .ARM.Collect$$$$00000001  mc_p.l(entry2.o)
    0x000000c4   0x000000c4   0x00000004   Code   RO         3476    .ARM.Collect$$$$00000004  mc_p.l(entry5.o)
    0x000000c8   0x000000c8   0x00000000   Code   RO         3478    .ARM.Collect$$$$00000008  mc_p.l(entry7b.o)
    0x000000c8   0x000000c8   0x00000000   Code   RO         3480    .ARM.Collect$$$$0000000A  mc_p.l(entry8b.o)
    0x000000c8   0x000000c8   0x00000008   Code   RO         3481    .ARM.Collect$$$$0000000B  mc_p.l(entry9a.o)
    0x000000d0   0x000000d0   0x00000004   Code   RO         3488    .ARM.Collect$$$$0000000E  mc_p.l(entry12b.o)
    0x000000d4   0x000000d4   0x00000000   Code   RO         3483    .ARM.Collect$$$$0000000F  mc_p.l(entry10a.o)
    0x000000d4   0x000000d4   0x00000000   Code   RO         3485    .ARM.Collect$$$$00000011  mc_p.l(entry11a.o)
    0x000000d4   0x000000d4   0x00000004   Code   RO         3474    .ARM.Collect$$$$00002712  mc_p.l(entry2.o)
    0x000000d8   0x000000d8   0x0000001c   Code   RO          106    .text               startup_cw32f030.o
    0x000000f4   0x000000f4   0x0000002c   Code   RO         3447    .text               mc_p.l(uidiv.o)
    0x00000120   0x00000120   0x00000024   Code   RO         3451    .text               mc_p.l(memcpya.o)
    0x00000144   0x00000144   0x00000024   Code   RO         3504    .text               mc_p.l(init.o)
    0x00000168   0x00000168   0x00000056   Code   RO         3514    .text               mc_p.l(__dczerorl2.o)
    0x000001be   0x000001be   0x00000002   Code   RO         3149    i.ADC_IRQHandler    interrupts_cw32f030.o
    0x000001c0   0x000001c0   0x00000002   Code   RO         3150    i.ATIM_IRQHandler   interrupts_cw32f030.o
    0x000001c2   0x000001c2   0x00000002   Code   RO         3151    i.AWT_IRQHandler    interrupts_cw32f030.o
    0x000001c4   0x000001c4   0x00000002   Code   RO         3152    i.BTIM1_IRQHandler  interrupts_cw32f030.o
    0x000001c6   0x000001c6   0x00000002   Code   RO         3153    i.BTIM2_IRQHandler  interrupts_cw32f030.o
    0x000001c8   0x000001c8   0x00000002   Code   RO         3154    i.BTIM3_IRQHandler  interrupts_cw32f030.o
    0x000001ca   0x000001ca   0x00000002   Code   RO         3155    i.DMACH1_IRQHandler  interrupts_cw32f030.o
    0x000001cc   0x000001cc   0x00000002   Code   RO         3156    i.DMACH23_IRQHandler  interrupts_cw32f030.o
    0x000001ce   0x000001ce   0x00000002   Code   RO         3157    i.DMACH45_IRQHandler  interrupts_cw32f030.o
    0x000001d0   0x000001d0   0x00000018   Code   RO         1098    i.DMA_Cmd           cw32f030_dma.o
    0x000001e8   0x000001e8   0x0000003c   Code   RO         1103    i.DMA_Init          cw32f030_dma.o
    0x00000224   0x00000224   0x00000002   Code   RO         3158    i.FAULT_IRQHandler  interrupts_cw32f030.o
    0x00000226   0x00000226   0x00000002   Code   RO         3159    i.FLASHRAM_IRQHandler  interrupts_cw32f030.o
    0x00000228   0x00000228   0x00000038   Code   RO         1182    i.FLASH_SetLatency  cw32f030_flash.o
    0x00000260   0x00000260   0x00000002   Code   RO         3160    i.GPIOA_IRQHandler  interrupts_cw32f030.o
    0x00000262   0x00000262   0x00000002   Code   RO         3161    i.GPIOB_IRQHandler  interrupts_cw32f030.o
    0x00000264   0x00000264   0x00000002   Code   RO         3162    i.GPIOC_IRQHandler  interrupts_cw32f030.o
    0x00000266   0x00000266   0x00000002   Code   RO         3163    i.GPIOF_IRQHandler  interrupts_cw32f030.o
    0x00000268   0x00000268   0x00000100   Code   RO         1315    i.GPIO_Init         cw32f030_gpio.o
    0x00000368   0x00000368   0x00000002   Code   RO         3164    i.GTIM1_IRQHandler  interrupts_cw32f030.o
    0x0000036a   0x0000036a   0x00000002   Code   RO         3165    i.GTIM2_IRQHandler  interrupts_cw32f030.o
    0x0000036c   0x0000036c   0x00000002   Code   RO         3166    i.GTIM3_IRQHandler  interrupts_cw32f030.o
    0x0000036e   0x0000036e   0x00000002   Code   RO         3167    i.GTIM4_IRQHandler  interrupts_cw32f030.o
    0x00000370   0x00000370   0x00000004   Code   RO         3168    i.HardFault_Handler  interrupts_cw32f030.o
    0x00000374   0x00000374   0x00000002   Code   RO         3169    i.I2C1_IRQHandler   interrupts_cw32f030.o
    0x00000376   0x00000376   0x00000002   Code   RO         3170    i.I2C2_IRQHandler   interrupts_cw32f030.o
    0x00000378   0x00000378   0x00000002   Code   RO         3171    i.LVD_IRQHandler    interrupts_cw32f030.o
    0x0000037a   0x0000037a   0x00000002   Code   RO         3172    i.NMI_Handler       interrupts_cw32f030.o
    0x0000037c   0x0000037c   0x00000002   Code   RO         3173    i.PendSV_Handler    interrupts_cw32f030.o
    0x0000037e   0x0000037e   0x00000002   PAD
    0x00000380   0x00000380   0x00000020   Code   RO         1959    i.RCC_AHBPeriphClk_Enable  cw32f030_rcc.o
    0x000003a0   0x000003a0   0x00000034   Code   RO         1988    i.RCC_HSI_Enable    cw32f030_rcc.o
    0x000003d4   0x000003d4   0x00000002   Code   RO         3174    i.RCC_IRQHandler    interrupts_cw32f030.o
    0x000003d6   0x000003d6   0x00000002   PAD
    0x000003d8   0x000003d8   0x000000b4   Code   RO         2003    i.RCC_PLL_Enable    cw32f030_rcc.o
    0x0000048c   0x0000048c   0x00000040   Code   RO         2007    i.RCC_SysClk_Switch  cw32f030_rcc.o
    0x000004cc   0x000004cc   0x000000d8   Code   RO         2008    i.RCC_Sysctrl_GetHClkFreq  cw32f030_rcc.o
    0x000005a4   0x000005a4   0x0000000c   Code   RO         2010    i.RCC_SystemCoreClockUpdate  cw32f030_rcc.o
    0x000005b0   0x000005b0   0x00000002   Code   RO         3175    i.RTC_IRQHandler    interrupts_cw32f030.o
    0x000005b2   0x000005b2   0x00000002   Code   RO         3176    i.SPI1_IRQHandler   interrupts_cw32f030.o
    0x000005b4   0x000005b4   0x00000002   Code   RO         3177    i.SPI2_IRQHandler   interrupts_cw32f030.o
    0x000005b6   0x000005b6   0x00000014   Code   RO         2472    i.SPI_Cmd           cw32f030_spi.o
    0x000005ca   0x000005ca   0x00000012   Code   RO         2476    i.SPI_GetFlagStatus  cw32f030_spi.o
    0x000005dc   0x000005dc   0x00000034   Code   RO         2479    i.SPI_Init          cw32f030_spi.o
    0x00000610   0x00000610   0x00000004   Code   RO         2483    i.SPI_SendData      cw32f030_spi.o
    0x00000614   0x00000614   0x00000002   Code   RO         3178    i.SVC_Handler       interrupts_cw32f030.o
    0x00000616   0x00000616   0x00000002   PAD
    0x00000618   0x00000618   0x00000018   Code   RO         2597    i.SysTick_Handler   cw32f030_systick.o
    0x00000630   0x00000630   0x00000010   Code   RO            5    i.SystemCoreClockUpdate  system_cw32f030.o
    0x00000640   0x00000640   0x0000003c   Code   RO            6    i.SystemInit        system_cw32f030.o
    0x0000067c   0x0000067c   0x00000002   Code   RO         3179    i.UART1_IRQHandler  interrupts_cw32f030.o
    0x0000067e   0x0000067e   0x00000002   Code   RO         3180    i.UART2_IRQHandler  interrupts_cw32f030.o
    0x00000680   0x00000680   0x00000002   Code   RO         3181    i.UART3_IRQHandler  interrupts_cw32f030.o
    0x00000682   0x00000682   0x00000002   Code   RO         3182    i.VC1_IRQHandler    interrupts_cw32f030.o
    0x00000684   0x00000684   0x00000002   Code   RO         3183    i.VC2_IRQHandler    interrupts_cw32f030.o
    0x00000686   0x00000686   0x00000002   Code   RO         3184    i.WDT_IRQHandler    interrupts_cw32f030.o
    0x00000688   0x00000688   0x0000001c   Code   RO         1771    i.__ARM_common_switch8  cw32f030_i2c.o
    0x000006a4   0x000006a4   0x0000000e   Code   RO         3508    i.__scatterload_copy  mc_p.l(handlers.o)
    0x000006b2   0x000006b2   0x00000002   Code   RO         3509    i.__scatterload_null  mc_p.l(handlers.o)
    0x000006b4   0x000006b4   0x0000000e   Code   RO         3510    i.__scatterload_zeroinit  mc_p.l(handlers.o)
    0x000006c2   0x000006c2   0x00000002   PAD
    0x000006c4   0x000006c4   0x00000190   Code   RO         3385    i.main              main.o
    0x00000854   0x00000854   0x00000064   Data   RO         2012    .constdata          cw32f030_rcc.o
    0x000008b8   0x000008b8   0x00000020   Data   RO         3506    Region$$Table       anon$$obj.o


    Execution Region RW_IRAM1 (Exec base: 0x20000000, Load base: 0x000008d8, Size: 0x00000610, Max: 0x00002000, ABSOLUTE, COMPRESSED[0x0000001c])

    Exec Addr    Load Addr    Size         Type   Attr      Idx    E Section Name        Object

    0x20000000   COMPRESSED   0x00000004   Data   RW           10    .data               system_cw32f030.o
    0x20000004   COMPRESSED   0x00000009   Data   RW         2599    .data               cw32f030_systick.o
    0x2000000d   COMPRESSED   0x00000400   Data   RW         3386    .data               main.o
    0x2000040d   COMPRESSED   0x00000003   PAD
    0x20000410        -       0x00000200   Zero   RW          103    STACK               startup_cw32f030.o


==============================================================================

Image component sizes


      Code (inc. data)   RO Data    RW Data    ZI Data      Debug   Object Name

         0          0          0          0          0      48304   cw32f030_adc.o
        84          0          0          0          0       8553   cw32f030_dma.o
        56         14          0          0          0        479   cw32f030_flash.o
       256          4          0          0          0        884   cw32f030_gpio.o
        28          0          0          0          0         76   cw32f030_i2c.o
       556         70        100          0          0       3939   cw32f030_rcc.o
        94          4          0          0          0       7472   cw32f030_spi.o
        24          8          0          9          0       1505   cw32f030_systick.o
        74          0          0          0          0      14128   interrupts_cw32f030.o
       400         28          0       1024          0      62256   main.o
        28          8        192          0        512        576   startup_cw32f030.o
        76         14          0          4          0     135635   system_cw32f030.o

    ----------------------------------------------------------------------
      1682        150        324       1040        512     283807   Object Totals
         0          0         32          0          0          0   (incl. Generated)
         6          0          0          3          0          0   (incl. Padding)

    ----------------------------------------------------------------------

      Code (inc. data)   RO Data    RW Data    ZI Data      Debug   Library Member Name

        86          0          0          0          0          0   __dczerorl2.o
         0          0          0          0          0          0   entry.o
         0          0          0          0          0          0   entry10a.o
         0          0          0          0          0          0   entry11a.o
         4          0          0          0          0          0   entry12b.o
         8          4          0          0          0          0   entry2.o
         4          0          0          0          0          0   entry5.o
         0          0          0          0          0          0   entry7b.o
         0          0          0          0          0          0   entry8b.o
         8          4          0          0          0          0   entry9a.o
        30          0          0          0          0          0   handlers.o
        36          8          0          0          0         68   init.o
        36          0          0          0          0         60   memcpya.o
        44          0          0          0          0         72   uidiv.o

    ----------------------------------------------------------------------
       258         16          0          0          0        200   Library Totals
         2          0          0          0          0          0   (incl. Padding)

    ----------------------------------------------------------------------

      Code (inc. data)   RO Data    RW Data    ZI Data      Debug   Library Name

       256         16          0          0          0        200   mc_p.l

    ----------------------------------------------------------------------
       258         16          0          0          0        200   Library Totals

    ----------------------------------------------------------------------

==============================================================================


      Code (inc. data)   RO Data    RW Data    ZI Data      Debug   

      1940        166        324       1040        512     281943   Grand Totals
      1940        166        324         28        512     281943   ELF Image Totals (compressed)
      1940        166        324         28          0          0   ROM Totals

==============================================================================

    Total RO  Size (Code + RO Data)                 2264 (   2.21kB)
    Total RW  Size (RW Data + ZI Data)              1552 (   1.52kB)
    Total ROM Size (Code + RO Data + RW Data)       2292 (   2.24kB)

==============================================================================

